Archive member included to satisfy reference by file (symbol)

E:/Programs/STM32CubeIDE_1.16.1/STM32CubeIDE/plugins/com.st.stm32cube.ide.mcu.externaltools.gnu-tools-for-stm32.12.3.rel1.win32_1.0.200.202406191623/tools/bin/../lib/gcc/arm-none-eabi/12.3.1/../../../../arm-none-eabi/lib/thumb/v6-m/nofp\libc_nano.a(libc_a-exit.o)
                              E:/Programs/STM32CubeIDE_1.16.1/STM32CubeIDE/plugins/com.st.stm32cube.ide.mcu.externaltools.gnu-tools-for-stm32.12.3.rel1.win32_1.0.200.202406191623/tools/bin/../lib/gcc/arm-none-eabi/12.3.1/../../../../arm-none-eabi/lib/thumb/v6-m/nofp/crt0.o (exit)
E:/Programs/STM32CubeIDE_1.16.1/STM32CubeIDE/plugins/com.st.stm32cube.ide.mcu.externaltools.gnu-tools-for-stm32.12.3.rel1.win32_1.0.200.202406191623/tools/bin/../lib/gcc/arm-none-eabi/12.3.1/../../../../arm-none-eabi/lib/thumb/v6-m/nofp\libc_nano.a(libc_a-findfp.o)
                              E:/Programs/STM32CubeIDE_1.16.1/STM32CubeIDE/plugins/com.st.stm32cube.ide.mcu.externaltools.gnu-tools-for-stm32.12.3.rel1.win32_1.0.200.202406191623/tools/bin/../lib/gcc/arm-none-eabi/12.3.1/../../../../arm-none-eabi/lib/thumb/v6-m/nofp\libc_nano.a(libc_a-exit.o) (__stdio_exit_handler)
E:/Programs/STM32CubeIDE_1.16.1/STM32CubeIDE/plugins/com.st.stm32cube.ide.mcu.externaltools.gnu-tools-for-stm32.12.3.rel1.win32_1.0.200.202406191623/tools/bin/../lib/gcc/arm-none-eabi/12.3.1/../../../../arm-none-eabi/lib/thumb/v6-m/nofp\libc_nano.a(libc_a-fwalk.o)
                              E:/Programs/STM32CubeIDE_1.16.1/STM32CubeIDE/plugins/com.st.stm32cube.ide.mcu.externaltools.gnu-tools-for-stm32.12.3.rel1.win32_1.0.200.202406191623/tools/bin/../lib/gcc/arm-none-eabi/12.3.1/../../../../arm-none-eabi/lib/thumb/v6-m/nofp\libc_nano.a(libc_a-findfp.o) (_fwalk_sglue)
E:/Programs/STM32CubeIDE_1.16.1/STM32CubeIDE/plugins/com.st.stm32cube.ide.mcu.externaltools.gnu-tools-for-stm32.12.3.rel1.win32_1.0.200.202406191623/tools/bin/../lib/gcc/arm-none-eabi/12.3.1/../../../../arm-none-eabi/lib/thumb/v6-m/nofp\libc_nano.a(libc_a-stdio.o)
                              E:/Programs/STM32CubeIDE_1.16.1/STM32CubeIDE/plugins/com.st.stm32cube.ide.mcu.externaltools.gnu-tools-for-stm32.12.3.rel1.win32_1.0.200.202406191623/tools/bin/../lib/gcc/arm-none-eabi/12.3.1/../../../../arm-none-eabi/lib/thumb/v6-m/nofp\libc_nano.a(libc_a-findfp.o) (__sread)
E:/Programs/STM32CubeIDE_1.16.1/STM32CubeIDE/plugins/com.st.stm32cube.ide.mcu.externaltools.gnu-tools-for-stm32.12.3.rel1.win32_1.0.200.202406191623/tools/bin/../lib/gcc/arm-none-eabi/12.3.1/../../../../arm-none-eabi/lib/thumb/v6-m/nofp\libc_nano.a(libc_a-memset.o)
                              E:/Programs/STM32CubeIDE_1.16.1/STM32CubeIDE/plugins/com.st.stm32cube.ide.mcu.externaltools.gnu-tools-for-stm32.12.3.rel1.win32_1.0.200.202406191623/tools/bin/../lib/gcc/arm-none-eabi/12.3.1/../../../../arm-none-eabi/lib/thumb/v6-m/nofp/crt0.o (memset)
E:/Programs/STM32CubeIDE_1.16.1/STM32CubeIDE/plugins/com.st.stm32cube.ide.mcu.externaltools.gnu-tools-for-stm32.12.3.rel1.win32_1.0.200.202406191623/tools/bin/../lib/gcc/arm-none-eabi/12.3.1/../../../../arm-none-eabi/lib/thumb/v6-m/nofp\libc_nano.a(libc_a-closer.o)
                              E:/Programs/STM32CubeIDE_1.16.1/STM32CubeIDE/plugins/com.st.stm32cube.ide.mcu.externaltools.gnu-tools-for-stm32.12.3.rel1.win32_1.0.200.202406191623/tools/bin/../lib/gcc/arm-none-eabi/12.3.1/../../../../arm-none-eabi/lib/thumb/v6-m/nofp\libc_nano.a(libc_a-stdio.o) (_close_r)
E:/Programs/STM32CubeIDE_1.16.1/STM32CubeIDE/plugins/com.st.stm32cube.ide.mcu.externaltools.gnu-tools-for-stm32.12.3.rel1.win32_1.0.200.202406191623/tools/bin/../lib/gcc/arm-none-eabi/12.3.1/../../../../arm-none-eabi/lib/thumb/v6-m/nofp\libc_nano.a(libc_a-reent.o)
                              E:/Programs/STM32CubeIDE_1.16.1/STM32CubeIDE/plugins/com.st.stm32cube.ide.mcu.externaltools.gnu-tools-for-stm32.12.3.rel1.win32_1.0.200.202406191623/tools/bin/../lib/gcc/arm-none-eabi/12.3.1/../../../../arm-none-eabi/lib/thumb/v6-m/nofp\libc_nano.a(libc_a-closer.o) (errno)
E:/Programs/STM32CubeIDE_1.16.1/STM32CubeIDE/plugins/com.st.stm32cube.ide.mcu.externaltools.gnu-tools-for-stm32.12.3.rel1.win32_1.0.200.202406191623/tools/bin/../lib/gcc/arm-none-eabi/12.3.1/../../../../arm-none-eabi/lib/thumb/v6-m/nofp\libc_nano.a(libc_a-impure.o)
                              E:/Programs/STM32CubeIDE_1.16.1/STM32CubeIDE/plugins/com.st.stm32cube.ide.mcu.externaltools.gnu-tools-for-stm32.12.3.rel1.win32_1.0.200.202406191623/tools/bin/../lib/gcc/arm-none-eabi/12.3.1/../../../../arm-none-eabi/lib/thumb/v6-m/nofp\libc_nano.a(libc_a-reent.o) (_impure_ptr)
E:/Programs/STM32CubeIDE_1.16.1/STM32CubeIDE/plugins/com.st.stm32cube.ide.mcu.externaltools.gnu-tools-for-stm32.12.3.rel1.win32_1.0.200.202406191623/tools/bin/../lib/gcc/arm-none-eabi/12.3.1/../../../../arm-none-eabi/lib/thumb/v6-m/nofp\libc_nano.a(libc_a-lseekr.o)
[...]
Memory Configuration

Name             Origin             Length             Attributes
RAM              0x20000000         0x00000800         xrw
FLASH            0x08000000         0x00004000         xr
*default*        0x00000000         0xffffffff

Linker script and memory map

LOAD E:/Programs/STM32CubeIDE_1.16.1/STM32CubeIDE/plugins/com.st.stm32cube.ide.mcu.externaltools.gnu-tools-for-stm32.12.3.rel1.win32_1.0.200.202406191623/tools/bin/../lib/gcc/arm-none-eabi/12.3.1/thumb/v6-m/nofp/crti.o
LOAD E:/Programs/STM32CubeIDE_1.16.1/STM32CubeIDE/plugins/com.st.stm32cube.ide.mcu.externaltools.gnu-tools-for-stm32.12.3.rel1.win32_1.0.200.202406191623/tools/bin/../lib/gcc/arm-none-eabi/12.3.1/thumb/v6-m/nofp/crtbegin.o
LOAD E:/Programs/STM32CubeIDE_1.16.1/STM32CubeIDE/plugins/com.st.stm32cube.ide.mcu.externaltools.gnu-tools-for-stm32.12.3.rel1.win32_1.0.200.202406191623/tools/bin/../lib/gcc/arm-none-eabi/12.3.1/../../../../arm-none-eabi/lib/thumb/v6-m/nofp/crt0.o
LOAD ./Core/Src/main.o
LOAD ./Core/Src/syscalls.o
LOAD ./Core/Src/sysmem.o
LOAD ./Core/Src/system_stm32l0xx.o
LOAD ./Core/Startup/startup_stm32l010k4tx.o
START GROUP
LOAD E:/Programs/STM32CubeIDE_1.16.1/STM32CubeIDE/plugins/com.st.stm32cube.ide.mcu.externaltools.gnu-tools-for-stm32.12.3.rel1.win32_1.0.200.202406191623/tools/bin/../lib/gcc/arm-none-eabi/12.3.1/../../../../arm-none-eabi/lib/thumb/v6-m/nofp\libc_nano.a
LOAD E:/Programs/STM32CubeIDE_1.16.1/STM32CubeIDE/plugins/com.st.stm32cube.ide.mcu.externaltools.gnu-tools-for-stm32.12.3.rel1.win32_1.0.200.202406191623/tools/bin/../lib/gcc/arm-none-eabi/12.3.1/../../../../arm-none-eabi/lib/thumb/v6-m/nofp\libm.a
END GROUP
START GROUP
LOAD E:/Programs/STM32CubeIDE_1.16.1/STM32CubeIDE/plugins/com.st.stm32cube.ide.mcu.externaltools.gnu-tools-for-stm32.12.3.rel1.win32_1.0.200.202406191623/tools/bin/../lib/gcc/arm-none-eabi/12.3.1/thumb/v6-m/nofp\libgcc.a
LOAD E:/Programs/STM32CubeIDE_1.16.1/STM32CubeIDE/plugins/com.st.stm32cube.ide.mcu.externaltools.gnu-tools-for-stm32.12.3.rel1.win32_1.0.200.202406191623/tools/bin/../lib/gcc/arm-none-eabi/12.3.1/../../../../arm-none-eabi/lib/thumb/v6-m/nofp\libc_nano.a
END GROUP
START GROUP
LOAD E:/Programs/STM32CubeIDE_1.16.1/STM32CubeIDE/plugins/com.st.stm32cube.ide.mcu.externaltools.gnu-tools-for-stm32.12.3.rel1.win32_1.0.200.202406191623/tools/bin/../lib/gcc/arm-none-eabi/12.3.1/thumb/v6-m/nofp\libgcc.a
LOAD E:/Programs/STM32CubeIDE_1.16.1/STM32CubeIDE/plugins/com.st.stm32cube.ide.mcu.externaltools.gnu-tools-for-stm32.12.3.rel1.win32_1.0.200.202406191623/tools/bin/../lib/gcc/arm-none-eabi/12.3.1/../../../../arm-none-eabi/lib/thumb/v6-m/nofp\libc_nano.a
LOAD E:/Programs/STM32CubeIDE_1.16.1/STM32CubeIDE/plugins/com.st.stm32cube.ide.mcu.externaltools.gnu-tools-for-stm32.12.3.rel1.win32_1.0.200.202406191623/tools/bin/../lib/gcc/arm-none-eabi/12.3.1/../../../../arm-none-eabi/lib/thumb/v6-m/nofp\libnosys.a
END GROUP
START GROUP
LOAD E:/Programs/STM32CubeIDE_1.16.1/STM32CubeIDE/plugins/com.st.stm32cube.ide.mcu.externaltools.gnu-tools-for-stm32.12.3.rel1.win32_1.0.200.202406191623/tools/bin/../lib/gcc/arm-none-eabi/12.3.1/thumb/v6-m/nofp\libgcc.a
LOAD E:/Programs/STM32CubeIDE_1.16.1/STM32CubeIDE/plugins/com.st.stm32cube.ide.mcu.externaltools.gnu-tools-for-stm32.12.3.rel1.win32_1.0.200.202406191623/tools/bin/../lib/gcc/arm-none-eabi/12.3.1/../../../../arm-none-eabi/lib/thumb/v6-m/nofp\libc_nano.a
LOAD E:/Programs/STM32CubeIDE_1.16.1/STM32CubeIDE/plugins/com.st.stm32cube.ide.mcu.externaltools.gnu-tools-for-stm32.12.3.rel1.win32_1.0.200.202406191623/tools/bin/../lib/gcc/arm-none-eabi/12.3.1/../../../../arm-none-eabi/lib/thumb/v6-m/nofp\libnosys.a
END GROUP
LOAD E:/Programs/STM32CubeIDE_1.16.1/STM32CubeIDE/plugins/com.st.stm32cube.ide.mcu.externaltools.gnu-tools-for-stm32.12.3.rel1.win32_1.0.200.202406191623/tools/bin/../lib/gcc/arm-none-eabi/12.3.1/thumb/v6-m/nofp/crtend.o
LOAD E:/Programs/STM32CubeIDE_1.16.1/STM32CubeIDE/plugins/com.st.stm32cube.ide.mcu.externaltools.gnu-tools-for-stm32.12.3.rel1.win32_1.0.200.202406191623/tools/bin/../lib/gcc/arm-none-eabi/12.3.1/thumb/v6-m/nofp/crtn.o
                0x20000800                        _estack = (ORIGIN (RAM) + LENGTH (RAM))
                0x00000200                        _Min_Heap_Size = 0x200
                0x00000200                        _Min_Stack_Size = 0x200

.isr_vector     0x08000000       0xc0
                0x08000000                        . = ALIGN (0x4)
 *(.isr_vector)
 .isr_vector    0x08000000       0xc0 ./Core/Startup/startup_stm32l010k4tx.o
                0x08000000                g_pfnVectors
                0x080000c0                        . = ALIGN (0x4)

.text           0x080000c0     0x2f18
                0x080000c0                        . = ALIGN (0x4)
 *(.text)
 .text          0x080000c0       0x48 E:/Programs/STM32CubeIDE_1.16.1/STM32CubeIDE/plugins/com.st.stm32cube.ide.mcu.externaltools.gnu-tools-for-stm32.12.3.rel1.win32_1.0.200.202406191623/tools/bin/../lib/gcc/arm-none-eabi/12.3.1/thumb/v6-m/nofp/crtbegin.o
 .text          0x08000108      0x114 E:/Programs/STM32CubeIDE_1.16.1/STM32CubeIDE/plugins/com.st.stm32cube.ide.mcu.externaltools.gnu-tools-for-stm32.12.3.rel1.win32_1.0.200.202406191623/tools/bin/../lib/gcc/arm-none-eabi/12.3.1/thumb/v6-m/nofp\libgcc.a(_udivsi3.o)
                0x08000108                __aeabi_uidiv
                0x08000108                __udivsi3
                0x08000214                __aeabi_uidivmod
 .text          0x0800021c        0x4 E:/Programs/STM32CubeIDE_1.16.1/STM32CubeIDE/plugins/com.st.stm32cube.ide.mcu.externaltools.gnu-tools-for-stm32.12.3.rel1.win32_1.0.200.202406191623/tools/bin/../lib/gcc/arm-none-eabi/12.3.1/thumb/v6-m/nofp\libgcc.a(_dvmd_tls.o)
                0x0800021c                __aeabi_idiv0
                0x0800021c                __aeabi_ldiv0
 .text          0x08000220       0x7c E:/Programs/STM32CubeIDE_1.16.1/STM32CubeIDE/plugins/com.st.stm32cube.ide.mcu.externaltools.gnu-tools-for-stm32.12.3.rel1.win32_1.0.200.202406191623/tools/bin/../lib/gcc/arm-none-eabi/12.3.1/thumb/v6-m/nofp\libgcc.a(_arm_cmpdf2.o)
                0x08000220                __aeabi_cdrcmple
                0x08000230                __aeabi_cdcmple
                0x08000230                __aeabi_cdcmpeq
                0x08000240                __aeabi_dcmpeq
                0x0800024c                __aeabi_dcmplt
                0x08000260                __aeabi_dcmple
                0x08000274                __aeabi_dcmpgt
                0x08000288                __aeabi_dcmpge
 .text          0x0800029c       0x3c E:/Programs/STM32CubeIDE_1.16.1/STM32CubeIDE/plugins/com.st.stm32cube.ide.mcu.externaltools.gnu-tools-for-stm32.12.3.rel1.win32_1.0.200.202406191623/tools/bin/../lib/gcc/arm-none-eabi/12.3.1/thumb/v6-m/nofp\libgcc.a(_fixunsdfsi.o)
                0x0800029c                __aeabi_d2uiz
                0x0800029c                __fixunsdfsi
 .text          0x080002d8      0x6c8 E:/Programs/STM32CubeIDE_1.16.1/STM32CubeIDE/plugins/com.st.stm32cube.ide.mcu.externaltools.gnu-tools-for-stm32.12.3.rel1.win32_1.0.200.202406191623/tools/bin/../lib/gcc/arm-none-eabi/12.3.1/thumb/v6-m/nofp\libgcc.a(adddf3.o)
                0x080002d8                __aeabi_dadd
 .text          0x080009a0       0x88 E:/Programs/STM32CubeIDE_1.16.1/STM32CubeIDE/plugins/com.st.stm32cube.ide.mcu.externaltools.gnu-tools-for-stm32.12.3.rel1.win32_1.0.200.202406191623/tools/bin/../lib/gcc/arm-none-eabi/12.3.1/thumb/v6-m/nofp\libgcc.a(eqdf2.o)
                0x080009a0                __nedf2
                0x080009a0                __eqdf2
 .text          0x08000a28       0xe8 E:/Programs/STM32CubeIDE_1.16.1/STM32CubeIDE/plugins/com.st.stm32cube.ide.mcu.externaltools.gnu-tools-for-stm32.12.3.rel1.win32_1.0.200.202406191623/tools/bin/../lib/gcc/arm-none-eabi/12.3.1/thumb/v6-m/nofp\libgcc.a(gedf2.o)
                0x08000a28                __gedf2
                0x08000a28                __gtdf2
 .text          0x08000b10       0xe4 E:/Programs/STM32CubeIDE_1.16.1/STM32CubeIDE/plugins/com.st.stm32cube.ide.mcu.externaltools.gnu-tools-for-stm32.12.3.rel1.win32_1.0.200.202406191623/tools/bin/../lib/gcc/arm-none-eabi/12.3.1/thumb/v6-m/nofp\libgcc.a(ledf2.o)
                0x08000b10                __ledf2
                0x08000b10                __ltdf2
 .text          0x08000bf4      0x590 E:/Programs/STM32CubeIDE_1.16.1/STM32CubeIDE/plugins/com.st.stm32cube.ide.mcu.externaltools.gnu-tools-for-stm32.12.3.rel1.win32_1.0.200.202406191623/tools/bin/../lib/gcc/arm-none-eabi/12.3.1/thumb/v6-m/nofp\libgcc.a(muldf3.o)
                0x08000bf4                __aeabi_dmul
 .text          0x08001184      0x738 E:/Programs/STM32CubeIDE_1.16.1/STM32CubeIDE/plugins/com.st.stm32cube.ide.mcu.externaltools.gnu-tools-for-stm32.12.3.rel1.win32_1.0.200.202406191623/tools/bin/../lib/gcc/arm-none-eabi/12.3.1/thumb/v6-m/nofp\libgcc.a(subdf3.o)
                0x08001184                __aeabi_dsub
 .text          0x080018bc       0x78 E:/Programs/STM32CubeIDE_1.16.1/STM32CubeIDE/plugins/com.st.stm32cube.ide.mcu.externaltools.gnu-tools-for-stm32.12.3.rel1.win32_1.0.200.202406191623/tools/bin/../lib/gcc/arm-none-eabi/12.3.1/thumb/v6-m/nofp\libgcc.a(fixdfsi.o)
                0x080018bc                __aeabi_d2iz
 .text          0x08001934       0x5c E:/Programs/STM32CubeIDE_1.16.1/STM32CubeIDE/plugins/com.st.stm32cube.ide.mcu.externaltools.gnu-tools-for-stm32.12.3.rel1.win32_1.0.200.202406191623/tools/bin/../lib/gcc/arm-none-eabi/12.3.1/thumb/v6-m/nofp\libgcc.a(floatsidf.o)
                0x08001934                __aeabi_i2d
 .text          0x08001990       0x48 E:/Programs/STM32CubeIDE_1.16.1/STM32CubeIDE/plugins/com.st.stm32cube.ide.mcu.externaltools.gnu-tools-for-stm32.12.3.rel1.win32_1.0.200.202406191623/tools/bin/../lib/gcc/arm-none-eabi/12.3.1/thumb/v6-m/nofp\libgcc.a(floatunsidf.o)
                0x08001990                __aeabi_ui2d
 .text          0x080019d8       0x3c E:/Programs/STM32CubeIDE_1.16.1/STM32CubeIDE/plugins/com.st.stm32cube.ide.mcu.externaltools.gnu-tools-for-stm32.12.3.rel1.win32_1.0.200.202406191623/tools/bin/../lib/gcc/arm-none-eabi/12.3.1/thumb/v6-m/nofp\libgcc.a(_clzsi2.o)
                0x080019d8                __clzsi2
 *(.text*)
 .text.CMSIS_FullInit
                0x08001a14       0x60 ./Core/Src/main.o
                0x08001a14                CMSIS_FullInit
 .text.SystemClock_Config
                0x08001a74      0x104 ./Core/Src/main.o
                0x08001a74                SystemClock_Config
 .text.RTC_Init
                0x08001b78       0xa4 ./Core/Src/main.o
                0x08001b78                RTC_Init
 .text.TIM2_Init
                0x08001c1c      0x100 ./Core/Src/main.o
                0x08001c1c                TIM2_Init
 .text.TIM21_Init
                0x08001d1c      0x100 ./Core/Src/main.o
                0x08001d1c                TIM21_Init
 .text.GPIO_Init
                0x08001e1c      0x334 ./Core/Src/main.o
                0x08001e1c                GPIO_Init
 .text.writeCHARSEG
                0x08002150      0x260 ./Core/Src/main.o
                0x08002150                writeCHARSEG
 .text.pwmFP7103
                0x080023b0      0x1b4 ./Core/Src/main.o
                0x080023b0                pwmFP7103
 .text.Clock    0x08002564      0x168 ./Core/Src/main.o
                0x08002564                Clock
 .text.setTimeNow
                0x080026cc      0x104 ./Core/Src/main.o
                0x080026cc                setTimeNow
 .text.sound    0x080027d0       0x7c ./Core/Src/main.o
                0x080027d0                sound
 .text.setActualMenu
                0x0800284c      0x158 ./Core/Src/main.o
                0x0800284c                setActualMenu
 .text.startup.main
                0x080029a4      0x208 ./Core/Src/main.o
                0x080029a4                main
 .text.SysTick_Handler
                0x08002bac       0x24 ./Core/Src/main.o
                0x08002bac                SysTick_Handler
 .text.EXTI0_1_IRQHandler
                0x08002bd0      0x1bc ./Core/Src/main.o
                0x08002bd0                EXTI0_1_IRQHandler
 .text.EXTI2_3_IRQHandler
                0x08002d8c       0xe4 ./Core/Src/main.o
                0x08002d8c                EXTI2_3_IRQHandler
 .text.EXTI4_15_IRQHandler
                0x08002e70       0x54 ./Core/Src/main.o
                0x08002e70                EXTI4_15_IRQHandler
 .text.TIM2_IRQHandler
                0x08002ec4       0x14 ./Core/Src/main.o
                0x08002ec4                TIM2_IRQHandler
 .text.TIM21_IRQHandler
                0x08002ed8       0x18 ./Core/Src/main.o
                0x08002ed8                TIM21_IRQHandler
 .text.SystemInit
                0x08002ef0        0x4 ./Core/Src/system_stm32l0xx.o
                0x08002ef0                SystemInit
 .text.Reset_Handler
                0x08002ef4       0x80 ./Core/Startup/startup_stm32l010k4tx.o
                0x08002ef4                Reset_Handler
 .text.Default_Handler
                0x08002f74        0x2 ./Core/Startup/startup_stm32l010k4tx.o
                0x08002f74                HardFault_Handler
                0x08002f74                PendSV_Handler
                0x08002f74                NMI_Handler
                0x08002f74                I2C1_IRQHandler
                0x08002f74                SPI1_IRQHandler
                0x08002f74                ADC1_IRQHandler
                0x08002f74                RTC_IRQHandler
                0x08002f74                RCC_IRQHandler
                0x08002f74                DMA1_Channel1_IRQHandler
                0x08002f74                Default_Handler
                0x08002f74                DMA1_Channel4_5_IRQHandler
                0x08002f74                SVC_Handler
                0x08002f74                WWDG_IRQHandler
                0x08002f74                LPUART1_IRQHandler
                0x08002f74                DMA1_Channel2_3_IRQHandler
                0x08002f74                USART2_IRQHandler
                0x08002f74                FLASH_IRQHandler
                0x08002f74                LPTIM1_IRQHandler
 *fill*         0x08002f76        0x2 
 .text.__libc_init_array
                0x08002f78       0x48 E:/Programs/STM32CubeIDE_1.16.1/STM32CubeIDE/plugins/com.st.stm32cube.ide.mcu.externaltools.gnu-tools-for-stm32.12.3.rel1.win32_1.0.200.202406191623/tools/bin/../lib/gcc/arm-none-eabi/12.3.1/../../../../arm-none-eabi/lib/thumb/v6-m/nofp\libc_nano.a(libc_a-init.o)
                0x08002f78                __libc_init_array
 *(.glue_7)
 .glue_7        0x08002fc0        0x0 linker stubs
 *(.glue_7t)
 .glue_7t       0x08002fc0        0x0 linker stubs
 *(.eh_frame)
 .eh_frame      0x08002fc0        0x0 E:/Programs/STM32CubeIDE_1.16.1/STM32CubeIDE/plugins/com.st.stm32cube.ide.mcu.externaltools.gnu-tools-for-stm32.12.3.rel1.win32_1.0.200.202406191623/tools/bin/../lib/gcc/arm-none-eabi/12.3.1/thumb/v6-m/nofp/crtbegin.o
 *(.init)
 .init          0x08002fc0        0x4 E:/Programs/STM32CubeIDE_1.16.1/STM32CubeIDE/plugins/com.st.stm32cube.ide.mcu.externaltools.gnu-tools-for-stm32.12.3.rel1.win32_1.0.200.202406191623/tools/bin/../lib/gcc/arm-none-eabi/12.3.1/thumb/v6-m/nofp/crti.o
                0x08002fc0                _init
 .init          0x08002fc4        0x8 E:/Programs/STM32CubeIDE_1.16.1/STM32CubeIDE/plugins/com.st.stm32cube.ide.mcu.externaltools.gnu-tools-for-stm32.12.3.rel1.win32_1.0.200.202406191623/tools/bin/../lib/gcc/arm-none-eabi/12.3.1/thumb/v6-m/nofp/crtn.o
 *(.fini)
 .fini          0x08002fcc        0x4 E:/Programs/STM32CubeIDE_1.16.1/STM32CubeIDE/plugins/com.st.stm32cube.ide.mcu.externaltools.gnu-tools-for-stm32.12.3.rel1.win32_1.0.200.202406191623/tools/bin/../lib/gcc/arm-none-eabi/12.3.1/thumb/v6-m/nofp/crti.o
                0x08002fcc                _fini
 .fini          0x08002fd0        0x8 E:/Programs/STM32CubeIDE_1.16.1/STM32CubeIDE/plugins/com.st.stm32cube.ide.mcu.externaltools.gnu-tools-for-stm32.12.3.rel1.win32_1.0.200.202406191623/tools/bin/../lib/gcc/arm-none-eabi/12.3.1/thumb/v6-m/nofp/crtn.o
                0x08002fd8                        . = ALIGN (0x4)
                0x08002fd8                        _etext = .

.vfp11_veneer   0x08002fd8        0x0
 .vfp11_veneer  0x08002fd8        0x0 linker stubs

.v4_bx          0x08002fd8        0x0
 .v4_bx         0x08002fd8        0x0 linker stubs

.iplt           0x08002fd8        0x0
 .iplt          0x08002fd8        0x0 E:/Programs/STM32CubeIDE_1.16.1/STM32CubeIDE/plugins/com.st.stm32cube.ide.mcu.externaltools.gnu-tools-for-stm32.12.3.rel1.win32_1.0.200.202406191623/tools/bin/../lib/gcc/arm-none-eabi/12.3.1/thumb/v6-m/nofp/crtbegin.o

.rodata         0x08002fd8       0xc8
                0x08002fd8                        . = ALIGN (0x4)
 *(.rodata)
 *(.rodata*)
 .rodata.writeCHARSEG
                0x08002fd8       0xc8 ./Core/Src/main.o
                0x080030a0                        . = ALIGN (0x4)

.rel.dyn        0x080030a0        0x0
 .rel.iplt      0x080030a0        0x0 E:/Programs/STM32CubeIDE_1.16.1/STM32CubeIDE/plugins/com.st.stm32cube.ide.mcu.externaltools.gnu-tools-for-stm32.12.3.rel1.win32_1.0.200.202406191623/tools/bin/../lib/gcc/arm-none-eabi/12.3.1/thumb/v6-m/nofp/crtbegin.o

.ARM.extab      0x080030a0        0x0
                0x080030a0                        . = ALIGN (0x4)
 *(.ARM.extab* .gnu.linkonce.armextab.*)
                0x080030a0                        . = ALIGN (0x4)

.ARM            0x080030a0        0x0
                0x080030a0                        . = ALIGN (0x4)
                0x080030a0                        __exidx_start = .
 *(.ARM.exidx*)
                0x080030a0                        __exidx_end = .
                0x080030a0                        . = ALIGN (0x4)

.preinit_array  0x080030a0        0x0
                0x080030a0                        . = ALIGN (0x4)
                0x080030a0                        PROVIDE (__preinit_array_start = .)
 *(.preinit_array*)
                0x080030a0                        PROVIDE (__preinit_array_end = .)
                0x080030a0                        . = ALIGN (0x4)

.init_array     0x080030a0        0x4
                0x080030a0                        . = ALIGN (0x4)
                0x080030a0                        PROVIDE (__init_array_start = .)
 *(SORT_BY_NAME(.init_array.*))
 *(.init_array*)
 .init_array    0x080030a0        0x4 E:/Programs/STM32CubeIDE_1.16.1/STM32CubeIDE/plugins/com.st.stm32cube.ide.mcu.externaltools.gnu-tools-for-stm32.12.3.rel1.win32_1.0.200.202406191623/tools/bin/../lib/gcc/arm-none-eabi/12.3.1/thumb/v6-m/nofp/crtbegin.o
                0x080030a4                        PROVIDE (__init_array_end = .)
                0x080030a4                        . = ALIGN (0x4)

.fini_array     0x080030a4        0x4
                0x080030a4                        . = ALIGN (0x4)
                [!provide]                        PROVIDE (__fini_array_start = .)
 *(SORT_BY_NAME(.fini_array.*))
 *(.fini_array*)
 .fini_array    0x080030a4        0x4 E:/Programs/STM32CubeIDE_1.16.1/STM32CubeIDE/plugins/com.st.stm32cube.ide.mcu.externaltools.gnu-tools-for-stm32.12.3.rel1.win32_1.0.200.202406191623/tools/bin/../lib/gcc/arm-none-eabi/12.3.1/thumb/v6-m/nofp/crtbegin.o
                [!provide]                        PROVIDE (__fini_array_end = .)
                0x080030a8                        . = ALIGN (0x4)
                0x080030a8                        _sidata = LOADADDR (.data)

.data           0x20000000      0x138 load address 0x080030a8
                0x20000000                        . = ALIGN (0x4)
                0x20000000                        _sdata = .
 *(.data)
 *(.data*)
 .data.menu     0x20000000      0x136 ./Core/Src/main.o
                0x20000000                menu
 *(.RamFunc)
 *(.RamFunc*)
                0x20000138                        . = ALIGN (0x4)
 *fill*         0x20000136        0x2 
                0x20000138                        _edata = .

.igot.plt       0x20000138        0x0 load address 0x080031e0
 .igot.plt      0x20000138        0x0 E:/Programs/STM32CubeIDE_1.16.1/STM32CubeIDE/plugins/com.st.stm32cube.ide.mcu.externaltools.gnu-tools-for-stm32.12.3.rel1.win32_1.0.200.202406191623/tools/bin/../lib/gcc/arm-none-eabi/12.3.1/thumb/v6-m/nofp/crtbegin.o
                0x20000138                        . = ALIGN (0x4)

.bss            0x20000138       0x58 load address 0x080031e0
                0x20000138                        _sbss = .
                0x20000138                        __bss_start__ = _sbss
 *(.bss)
 .bss           0x20000138       0x1c E:/Programs/STM32CubeIDE_1.16.1/STM32CubeIDE/plugins/com.st.stm32cube.ide.mcu.externaltools.gnu-tools-for-stm32.12.3.rel1.win32_1.0.200.202406191623/tools/bin/../lib/gcc/arm-none-eabi/12.3.1/thumb/v6-m/nofp/crtbegin.o
 *(.bss*)
 .bss.sound_counter
                0x20000154        0x2 ./Core/Src/main.o
                0x20000154                sound_counter
 .bss.sound_time
                0x20000156        0x2 ./Core/Src/main.o
                0x20000156                sound_time
 .bss.PlayMusic
                0x20000158        0x1 ./Core/Src/main.o
                0x20000158                PlayMusic
 *fill*         0x20000159        0x1 
 .bss.MusicStep
                0x2000015a        0x2 ./Core/Src/main.o
                0x2000015a                MusicStep
 .bss.hmenu     0x2000015c        0x1 ./Core/Src/main.o
                0x2000015c                hmenu
 .bss.vmenu     0x2000015d        0x1 ./Core/Src/main.o
                0x2000015d                vmenu
 *fill*         0x2000015e        0x2 
 .bss.tmpV      0x20000160        0x4 ./Core/Src/main.o
                0x20000160                tmpV
 .bss.Delay_counter_ms
                0x20000164        0x2 ./Core/Src/main.o
                0x20000164                Delay_counter_ms
 *fill*         0x20000166        0x2 
 .bss.SysTimer_ms
                0x20000168        0x4 ./Core/Src/main.o
                0x20000168                SysTimer_ms
 .bss.tmpVal    0x2000016c        0x1 ./Core/Src/main.o
                0x2000016c                tmpVal
 .bss.isParamEditMode
                0x2000016d        0x1 ./Core/Src/main.o
                0x2000016d                isParamEditMode
 .bss.actualIndex
                0x2000016e        0x1 ./Core/Src/main.o
                0x2000016e                actualIndex
 .bss.flagPendingEnterDoubleClick
                0x2000016f        0x1 ./Core/Src/main.o
                0x2000016f                flagPendingEnterDoubleClick
 .bss.flagPendingDecrementDoubleClick
                0x20000170        0x1 ./Core/Src/main.o
                0x20000170                flagPendingDecrementDoubleClick
 .bss.flagPendingIncrementDoubleClick
                0x20000171        0x1 ./Core/Src/main.o
                0x20000171                flagPendingIncrementDoubleClick
 .bss.flagEnterButtonDouble
                0x20000172        0x1 ./Core/Src/main.o
                0x20000172                flagEnterButtonDouble
 .bss.flagDecrementButtonDouble
                0x20000173        0x1 ./Core/Src/main.o
                0x20000173                flagDecrementButtonDouble
 .bss.flagIncrementButtonDouble
                0x20000174        0x1 ./Core/Src/main.o
                0x20000174                flagIncrementButtonDouble
 .bss.flagEnterButtonLong
                0x20000175        0x1 ./Core/Src/main.o
                0x20000175                flagEnterButtonLong
 .bss.flagDecrementButtonLong
                0x20000176        0x1 ./Core/Src/main.o
                0x20000176                flagDecrementButtonLong
 .bss.flagIncrementButtonLong
                0x20000177        0x1 ./Core/Src/main.o
                0x20000177                flagIncrementButtonLong
 .bss.flagEnterButton
                0x20000178        0x1 ./Core/Src/main.o
                0x20000178                flagEnterButton
 .bss.flagDecrementButton
                0x20000179        0x1 ./Core/Src/main.o
                0x20000179                flagDecrementButton
 .bss.flagIncrementButton
                0x2000017a        0x1 ./Core/Src/main.o
                0x2000017a                flagIncrementButton
 .bss.flagEnterButtonDown
                0x2000017b        0x1 ./Core/Src/main.o
                0x2000017b                flagEnterButtonDown
 .bss.flagDecrementButtonDown
                0x2000017c        0x1 ./Core/Src/main.o
                0x2000017c                flagDecrementButtonDown
 .bss.flagIncrementButtonDown
                0x2000017d        0x1 ./Core/Src/main.o
                0x2000017d                flagIncrementButtonDown
 .bss.timeLastEnterButtonPress
                0x2000017e        0x1 ./Core/Src/main.o
                0x2000017e                timeLastEnterButtonPress
 .bss.timeLastDecrementButtonPress
                0x2000017f        0x1 ./Core/Src/main.o
                0x2000017f                timeLastDecrementButtonPress
 .bss.timeLastIncrementButtonPress
                0x20000180        0x1 ./Core/Src/main.o
                0x20000180                timeLastIncrementButtonPress
 .bss.timeEnterButtonDown
                0x20000181        0x1 ./Core/Src/main.o
                0x20000181                timeEnterButtonDown
 .bss.timeDecrementButtonDown
                0x20000182        0x1 ./Core/Src/main.o
                0x20000182                timeDecrementButtonDown
 .bss.timeIncrementButtonDown
                0x20000183        0x1 ./Core/Src/main.o
                0x20000183                timeIncrementButtonDown
 .bss.IncrementButtonDebounce
                0x20000184        0x4 ./Core/Src/main.o
                0x20000184                IncrementButtonDebounce
 .bss.EnterButtonDebounce
                0x20000188        0x4 ./Core/Src/main.o
                0x20000188                EnterButtonDebounce
 .bss.DecrementButtonDebounce
                0x2000018c        0x4 ./Core/Src/main.o
                0x2000018c                DecrementButtonDebounce
 *(COMMON)
                0x20000190                        . = ALIGN (0x4)
                0x20000190                        _ebss = .
                0x20000190                        __bss_end__ = _ebss

._user_heap_stack
                0x20000190      0x400 load address 0x080031e0
                0x20000190                        . = ALIGN (0x8)
                [!provide]                        PROVIDE (end = .)
                0x20000190                        PROVIDE (_end = .)
                0x20000390                        . = (. + _Min_Heap_Size)
 *fill*         0x20000190      0x200 
                0x20000590                        . = (. + _Min_Stack_Size)
 *fill*         0x20000390      0x200 
                0x20000590                        . = ALIGN (0x8)

/DISCARD/
 libc.a(*)
 libm.a(*)
 libgcc.a(*)

.ARM.attributes
                0x00000000       0x28
 *(.ARM.attributes)
 .ARM.attributes
                0x00000000       0x1e E:/Programs/STM32CubeIDE_1.16.1/STM32CubeIDE/plugins/com.st.stm32cube.ide.mcu.externaltools.gnu-tools-for-stm32.12.3.rel1.win32_1.0.200.202406191623/tools/bin/../lib/gcc/arm-none-eabi/12.3.1/thumb/v6-m/nofp/crti.o
 .ARM.attributes
                0x0000001e       0x2c E:/Programs/STM32CubeIDE_1.16.1/STM32CubeIDE/plugins/com.st.stm32cube.ide.mcu.externaltools.gnu-tools-for-stm32.12.3.rel1.win32_1.0.200.202406191623/tools/bin/../lib/gcc/arm-none-eabi/12.3.1/thumb/v6-m/nofp/crtbegin.o
 .ARM.attributes
                0x0000004a       0x2c ./Core/Src/main.o
 .ARM.attributes
                0x00000076       0x2c ./Core/Src/system_stm32l0xx.o
 .ARM.attributes
                0x000000a2       0x22 ./Core/Startup/startup_stm32l010k4tx.o
 .ARM.attributes
                0x000000c4       0x2c E:/Programs/STM32CubeIDE_1.16.1/STM32CubeIDE/plugins/com.st.stm32cube.ide.mcu.externaltools.gnu-tools-for-stm32.12.3.rel1.win32_1.0.200.202406191623/tools/bin/../lib/gcc/arm-none-eabi/12.3.1/../../../../arm-none-eabi/lib/thumb/v6-m/nofp\libc_nano.a(libc_a-init.o)
 .ARM.attributes
                0x000000f0       0x1e E:/Programs/STM32CubeIDE_1.16.1/STM32CubeIDE/plugins/com.st.stm32cube.ide.mcu.externaltools.gnu-tools-for-stm32.12.3.rel1.win32_1.0.200.202406191623/tools/bin/../lib/gcc/arm-none-eabi/12.3.1/thumb/v6-m/nofp\libgcc.a(_udivsi3.o)
 .ARM.attributes
                0x0000010e       0x1e E:/Programs/STM32CubeIDE_1.16.1/STM32CubeIDE/plugins/com.st.stm32cube.ide.mcu.externaltools.gnu-tools-for-stm32.12.3.rel1.win32_1.0.200.202406191623/tools/bin/../lib/gcc/arm-none-eabi/12.3.1/thumb/v6-m/nofp\libgcc.a(_dvmd_tls.o)
 .ARM.attributes
                0x0000012c       0x1e E:/Programs/STM32CubeIDE_1.16.1/STM32CubeIDE/plugins/com.st.stm32cube.ide.mcu.externaltools.gnu-tools-for-stm32.12.3.rel1.win32_1.0.200.202406191623/tools/bin/../lib/gcc/arm-none-eabi/12.3.1/thumb/v6-m/nofp\libgcc.a(_arm_cmpdf2.o)
 .ARM.attributes
                0x0000014a       0x2c E:/Programs/STM32CubeIDE_1.16.1/STM32CubeIDE/plugins/com.st.stm32cube.ide.mcu.externaltools.gnu-tools-for-stm32.12.3.rel1.win32_1.0.200.202406191623/tools/bin/../lib/gcc/arm-none-eabi/12.3.1/thumb/v6-m/nofp\libgcc.a(_fixunsdfsi.o)
 .ARM.attributes
                0x00000176       0x2c E:/Programs/STM32CubeIDE_1.16.1/STM32CubeIDE/plugins/com.st.stm32cube.ide.mcu.externaltools.gnu-tools-for-stm32.12.3.rel1.win32_1.0.200.202406191623/tools/bin/../lib/gcc/arm-none-eabi/12.3.1/thumb/v6-m/nofp\libgcc.a(adddf3.o)
 .ARM.attributes
                0x000001a2       0x2c E:/Programs/STM32CubeIDE_1.16.1/STM32CubeIDE/plugins/com.st.stm32cube.ide.mcu.externaltools.gnu-tools-for-stm32.12.3.rel1.win32_1.0.200.202406191623/tools/bin/../lib/gcc/arm-none-eabi/12.3.1/thumb/v6-m/nofp\libgcc.a(eqdf2.o)
 .ARM.attributes
                0x000001ce       0x2c E:/Programs/STM32CubeIDE_1.16.1/STM32CubeIDE/plugins/com.st.stm32cube.ide.mcu.externaltools.gnu-tools-for-stm32.12.3.rel1.win32_1.0.200.202406191623/tools/bin/../lib/gcc/arm-none-eabi/12.3.1/thumb/v6-m/nofp\libgcc.a(gedf2.o)
 .ARM.attributes
                0x000001fa       0x2c E:/Programs/STM32CubeIDE_1.16.1/STM32CubeIDE/plugins/com.st.stm32cube.ide.mcu.externaltools.gnu-tools-for-stm32.12.3.rel1.win32_1.0.200.202406191623/tools/bin/../lib/gcc/arm-none-eabi/12.3.1/thumb/v6-m/nofp\libgcc.a(ledf2.o)
 .ARM.attributes
                0x00000226       0x2c E:/Programs/STM32CubeIDE_1.16.1/STM32CubeIDE/plugins/com.st.stm32cube.ide.mcu.externaltools.gnu-tools-for-stm32.12.3.rel1.win32_1.0.200.202406191623/tools/bin/../lib/gcc/arm-none-eabi/12.3.1/thumb/v6-m/nofp\libgcc.a(muldf3.o)
 .ARM.attributes
                0x00000252       0x2c E:/Programs/STM32CubeIDE_1.16.1/STM32CubeIDE/plugins/com.st.stm32cube.ide.mcu.externaltools.gnu-tools-for-stm32.12.3.rel1.win32_1.0.200.202406191623/tools/bin/../lib/gcc/arm-none-eabi/12.3.1/thumb/v6-m/nofp\libgcc.a(subdf3.o)
 .ARM.attributes
                0x0000027e       0x2c E:/Programs/STM32CubeIDE_1.16.1/STM32CubeIDE/plugins/com.st.stm32cube.ide.mcu.externaltools.gnu-tools-for-stm32.12.3.rel1.win32_1.0.200.202406191623/tools/bin/../lib/gcc/arm-none-eabi/12.3.1/thumb/v6-m/nofp\libgcc.a(fixdfsi.o)
 .ARM.attributes
                0x000002aa       0x2c E:/Programs/STM32CubeIDE_1.16.1/STM32CubeIDE/plugins/com.st.stm32cube.ide.mcu.externaltools.gnu-tools-for-stm32.12.3.rel1.win32_1.0.200.202406191623/tools/bin/../lib/gcc/arm-none-eabi/12.3.1/thumb/v6-m/nofp\libgcc.a(floatsidf.o)
 .ARM.attributes
                0x000002d6       0x2c E:/Programs/STM32CubeIDE_1.16.1/STM32CubeIDE/plugins/com.st.stm32cube.ide.mcu.externaltools.gnu-tools-for-stm32.12.3.rel1.win32_1.0.200.202406191623/tools/bin/../lib/gcc/arm-none-eabi/12.3.1/thumb/v6-m/nofp\libgcc.a(floatunsidf.o)
 .ARM.attributes
                0x00000302       0x1e E:/Programs/STM32CubeIDE_1.16.1/STM32CubeIDE/plugins/com.st.stm32cube.ide.mcu.externaltools.gnu-tools-for-stm32.12.3.rel1.win32_1.0.200.202406191623/tools/bin/../lib/gcc/arm-none-eabi/12.3.1/thumb/v6-m/nofp\libgcc.a(_clzsi2.o)
 .ARM.attributes
                0x00000320       0x1e E:/Programs/STM32CubeIDE_1.16.1/STM32CubeIDE/plugins/com.st.stm32cube.ide.mcu.externaltools.gnu-tools-for-stm32.12.3.rel1.win32_1.0.200.202406191623/tools/bin/../lib/gcc/arm-none-eabi/12.3.1/thumb/v6-m/nofp/crtn.o
OUTPUT(CMSIS_SunRiseClock.elf elf32-littlearm)
LOAD linker stubs
LOAD E:/Programs/STM32CubeIDE_1.16.1/STM32CubeIDE/plugins/com.st.stm32cube.ide.mcu.externaltools.gnu-tools-for-stm32.12.3.rel1.win32_1.0.200.202406191623/tools/bin/../lib/gcc/arm-none-eabi/12.3.1/../../../../arm-none-eabi/lib/thumb/v6-m/nofp\libc.a
LOAD E:/Programs/STM32CubeIDE_1.16.1/STM32CubeIDE/plugins/com.st.stm32cube.ide.mcu.externaltools.gnu-tools-for-stm32.12.3.rel1.win32_1.0.200.202406191623/tools/bin/../lib/gcc/arm-none-eabi/12.3.1/../../../../arm-none-eabi/lib/thumb/v6-m/nofp\libm.a
LOAD E:/Programs/STM32CubeIDE_1.16.1/STM32CubeIDE/plugins/com.st.stm32cube.ide.mcu.externaltools.gnu-tools-for-stm32.12.3.rel1.win32_1.0.200.202406191623/tools/bin/../lib/gcc/arm-none-eabi/12.3.1/thumb/v6-m/nofp\libgcc.a

.debug_info     0x00000000     0x1ed8
 .debug_info    0x00000000     0x1ba2 ./Core/Src/main.o
 .debug_info    0x00001ba2      0x306 ./Core/Src/system_stm32l0xx.o
 .debug_info    0x00001ea8       0x30 ./Core/Startup/startup_stm32l010k4tx.o

.debug_abbrev   0x00000000      0x592
 .debug_abbrev  0x00000000      0x436 ./Core/Src/main.o
 .debug_abbrev  0x00000436      0x138 ./Core/Src/system_stm32l0xx.o
 .debug_abbrev  0x0000056e       0x24 ./Core/Startup/startup_stm32l010k4tx.o

.debug_loclists
                0x00000000      0x8a8
 .debug_loclists
                0x00000000      0x756 ./Core/Src/main.o
 .debug_loclists
                0x00000756      0x152 ./Core/Src/system_stm32l0xx.o

.debug_aranges  0x00000000      0x150
 .debug_aranges
                0x00000000      0x100 ./Core/Src/main.o
 .debug_aranges
                0x00000100       0x28 ./Core/Src/system_stm32l0xx.o
 .debug_aranges
                0x00000128       0x28 ./Core/Startup/startup_stm32l010k4tx.o

.debug_rnglists
                0x00000000      0x1f6
 .debug_rnglists
                0x00000000      0x1c2 ./Core/Src/main.o
 .debug_rnglists
                0x000001c2       0x1a ./Core/Src/system_stm32l0xx.o
 .debug_rnglists
                0x000001dc       0x1a ./Core/Startup/startup_stm32l010k4tx.o

.debug_macro    0x00000000     0x8ff2
 .debug_macro   0x00000000      0x221 ./Core/Src/main.o
 .debug_macro   0x00000221      0xa84 ./Core/Src/main.o
 .debug_macro   0x00000ca5       0x2e ./Core/Src/main.o
 .debug_macro   0x00000cd3       0x28 ./Core/Src/main.o
 .debug_macro   0x00000cfb       0x22 ./Core/Src/main.o
 .debug_macro   0x00000d1d       0x8e ./Core/Src/main.o
 .debug_macro   0x00000dab       0x51 ./Core/Src/main.o
 .debug_macro   0x00000dfc      0x103 ./Core/Src/main.o
 .debug_macro   0x00000eff       0x6a ./Core/Src/main.o
 .debug_macro   0x00000f69      0x1df ./Core/Src/main.o
 .debug_macro   0x00001148       0x1c ./Core/Src/main.o
 .debug_macro   0x00001164       0x22 ./Core/Src/main.o
 .debug_macro   0x00001186       0xaf ./Core/Src/main.o
 .debug_macro   0x00001235      0x3ad ./Core/Src/main.o
 .debug_macro   0x000015e2     0x78bd ./Core/Src/main.o
 .debug_macro   0x00008e9f       0x66 ./Core/Src/main.o
 .debug_macro   0x00008f05       0x22 ./Core/Src/main.o
 .debug_macro   0x00008f27       0xcb ./Core/Src/system_stm32l0xx.o

.debug_line     0x00000000     0x2129
 .debug_line    0x00000000     0x1b19 ./Core/Src/main.o
 .debug_line    0x00001b19      0x583 ./Core/Src/system_stm32l0xx.o
 .debug_line    0x0000209c       0x8d ./Core/Startup/startup_stm32l010k4tx.o

.debug_str      0x00000000    0x3042d
 .debug_str     0x00000000    0x302f2 ./Core/Src/main.o
                              0x30567 (size before relaxing)
 .debug_str     0x000302f2       0xf7 ./Core/Src/system_stm32l0xx.o
                              0x2f3da (size before relaxing)
 .debug_str     0x000303e9       0x44 ./Core/Startup/startup_stm32l010k4tx.o
                                 0xa2 (size before relaxing)

.comment        0x00000000       0x43
 .comment       0x00000000       0x43 ./Core/Src/main.o
                                 0x44 (size before relaxing)
 .comment       0x00000043       0x44 ./Core/Src/system_stm32l0xx.o

.debug_frame    0x00000000      0x598
 .debug_frame   0x00000000      0x300 ./Core/Src/main.o
 .debug_frame   0x00000300       0x38 ./Core/Src/system_stm32l0xx.o
 .debug_frame   0x00000338       0x2c E:/Programs/STM32CubeIDE_1.16.1/STM32CubeIDE/plugins/com.st.stm32cube.ide.mcu.externaltools.gnu-tools-for-stm32.12.3.rel1.win32_1.0.200.202406191623/tools/bin/../lib/gcc/arm-none-eabi/12.3.1/../../../../arm-none-eabi/lib/thumb/v6-m/nofp\libc_nano.a(libc_a-init.o)
 .debug_frame   0x00000364       0x20 E:/Programs/STM32CubeIDE_1.16.1/STM32CubeIDE/plugins/com.st.stm32cube.ide.mcu.externaltools.gnu-tools-for-stm32.12.3.rel1.win32_1.0.200.202406191623/tools/bin/../lib/gcc/arm-none-eabi/12.3.1/thumb/v6-m/nofp\libgcc.a(_udivsi3.o)
 .debug_frame   0x00000384       0x2c E:/Programs/STM32CubeIDE_1.16.1/STM32CubeIDE/plugins/com.st.stm32cube.ide.mcu.externaltools.gnu-tools-for-stm32.12.3.rel1.win32_1.0.200.202406191623/tools/bin/../lib/gcc/arm-none-eabi/12.3.1/thumb/v6-m/nofp\libgcc.a(_fixunsdfsi.o)
 .debug_frame   0x000003b0       0x3c E:/Programs/STM32CubeIDE_1.16.1/STM32CubeIDE/plugins/com.st.stm32cube.ide.mcu.externaltools.gnu-tools-for-stm32.12.3.rel1.win32_1.0.200.202406191623/tools/bin/../lib/gcc/arm-none-eabi/12.3.1/thumb/v6-m/nofp\libgcc.a(adddf3.o)
 .debug_frame   0x000003ec       0x38 E:/Programs/STM32CubeIDE_1.16.1/STM32CubeIDE/plugins/com.st.stm32cube.ide.mcu.externaltools.gnu-tools-for-stm32.12.3.rel1.win32_1.0.200.202406191623/tools/bin/../lib/gcc/arm-none-eabi/12.3.1/thumb/v6-m/nofp\libgcc.a(eqdf2.o)
 .debug_frame   0x00000424       0x3c E:/Programs/STM32CubeIDE_1.16.1/STM32CubeIDE/plugins/com.st.stm32cube.ide.mcu.externaltools.gnu-tools-for-stm32.12.3.rel1.win32_1.0.200.202406191623/tools/bin/../lib/gcc/arm-none-eabi/12.3.1/thumb/v6-m/nofp\libgcc.a(gedf2.o)
 .debug_frame   0x00000460       0x3c E:/Programs/STM32CubeIDE_1.16.1/STM32CubeIDE/plugins/com.st.stm32cube.ide.mcu.externaltools.gnu-tools-for-stm32.12.3.rel1.win32_1.0.200.202406191623/tools/bin/../lib/gcc/arm-none-eabi/12.3.1/thumb/v6-m/nofp\libgcc.a(ledf2.o)
 .debug_frame   0x0000049c       0x3c E:/Programs/STM32CubeIDE_1.16.1/STM32CubeIDE/plugins/com.st.stm32cube.ide.mcu.externaltools.gnu-tools-for-stm32.12.3.rel1.win32_1.0.200.202406191623/tools/bin/../lib/gcc/arm-none-eabi/12.3.1/thumb/v6-m/nofp\libgcc.a(muldf3.o)
 .debug_frame   0x000004d8       0x3c E:/Programs/STM32CubeIDE_1.16.1/STM32CubeIDE/plugins/com.st.stm32cube.ide.mcu.externaltools.gnu-tools-for-stm32.12.3.rel1.win32_1.0.200.202406191623/tools/bin/../lib/gcc/arm-none-eabi/12.3.1/thumb/v6-m/nofp\libgcc.a(subdf3.o)
 .debug_frame   0x00000514       0x30 E:/Programs/STM32CubeIDE_1.16.1/STM32CubeIDE/plugins/com.st.stm32cube.ide.mcu.externaltools.gnu-tools-for-stm32.12.3.rel1.win32_1.0.200.202406191623/tools/bin/../lib/gcc/arm-none-eabi/12.3.1/thumb/v6-m/nofp\libgcc.a(fixdfsi.o)
 .debug_frame   0x00000544       0x2c E:/Programs/STM32CubeIDE_1.16.1/STM32CubeIDE/plugins/com.st.stm32cube.ide.mcu.externaltools.gnu-tools-for-stm32.12.3.rel1.win32_1.0.200.202406191623/tools/bin/../lib/gcc/arm-none-eabi/12.3.1/thumb/v6-m/nofp\libgcc.a(floatsidf.o)
 .debug_frame   0x00000570       0x28 E:/Programs/STM32CubeIDE_1.16.1/STM32CubeIDE/plugins/com.st.stm32cube.ide.mcu.externaltools.gnu-tools-for-stm32.12.3.rel1.win32_1.0.200.202406191623/tools/bin/../lib/gcc/arm-none-eabi/12.3.1/thumb/v6-m/nofp\libgcc.a(floatunsidf.o)

.debug_line_str
                0x00000000       0x86
 .debug_line_str
                0x00000000       0x86 ./Core/Startup/startup_stm32l010k4tx.o
