Archive member included to satisfy reference by file (symbol)

E:/Programs/STM32CubeIDE_1.14.1/STM32CubeIDE/plugins/com.st.stm32cube.ide.mcu.externaltools.gnu-tools-for-stm32.11.3.rel1.win32_1.1.100.202309141235/tools/bin/../lib/gcc/arm-none-eabi/11.3.1/../../../../arm-none-eabi/lib/thumb/v6-m/nofp\libc_nano.a(libc_a-exit.o)
                              E:/Programs/STM32CubeIDE_1.14.1/STM32CubeIDE/plugins/com.st.stm32cube.ide.mcu.externaltools.gnu-tools-for-stm32.11.3.rel1.win32_1.1.100.202309141235/tools/bin/../lib/gcc/arm-none-eabi/11.3.1/../../../../arm-none-eabi/lib/thumb/v6-m/nofp/crt0.o (exit)
E:/Programs/STM32CubeIDE_1.14.1/STM32CubeIDE/plugins/com.st.stm32cube.ide.mcu.externaltools.gnu-tools-for-stm32.11.3.rel1.win32_1.1.100.202309141235/tools/bin/../lib/gcc/arm-none-eabi/11.3.1/../../../../arm-none-eabi/lib/thumb/v6-m/nofp\libc_nano.a(libc_a-findfp.o)
                              E:/Programs/STM32CubeIDE_1.14.1/STM32CubeIDE/plugins/com.st.stm32cube.ide.mcu.externaltools.gnu-tools-for-stm32.11.3.rel1.win32_1.1.100.202309141235/tools/bin/../lib/gcc/arm-none-eabi/11.3.1/../../../../arm-none-eabi/lib/thumb/v6-m/nofp\libc_nano.a(libc_a-exit.o) (__stdio_exit_handler)
E:/Programs/STM32CubeIDE_1.14.1/STM32CubeIDE/plugins/com.st.stm32cube.ide.mcu.externaltools.gnu-tools-for-stm32.11.3.rel1.win32_1.1.100.202309141235/tools/bin/../lib/gcc/arm-none-eabi/11.3.1/../../../../arm-none-eabi/lib/thumb/v6-m/nofp\libc_nano.a(libc_a-fwalk.o)
                              E:/Programs/STM32CubeIDE_1.14.1/STM32CubeIDE/plugins/com.st.stm32cube.ide.mcu.externaltools.gnu-tools-for-stm32.11.3.rel1.win32_1.1.100.202309141235/tools/bin/../lib/gcc/arm-none-eabi/11.3.1/../../../../arm-none-eabi/lib/thumb/v6-m/nofp\libc_nano.a(libc_a-findfp.o) (_fwalk_sglue)
E:/Programs/STM32CubeIDE_1.14.1/STM32CubeIDE/plugins/com.st.stm32cube.ide.mcu.externaltools.gnu-tools-for-stm32.11.3.rel1.win32_1.1.100.202309141235/tools/bin/../lib/gcc/arm-none-eabi/11.3.1/../../../../arm-none-eabi/lib/thumb/v6-m/nofp\libc_nano.a(libc_a-stdio.o)
                              E:/Programs/STM32CubeIDE_1.14.1/STM32CubeIDE/plugins/com.st.stm32cube.ide.mcu.externaltools.gnu-tools-for-stm32.11.3.rel1.win32_1.1.100.202309141235/tools/bin/../lib/gcc/arm-none-eabi/11.3.1/../../../../arm-none-eabi/lib/thumb/v6-m/nofp\libc_nano.a(libc_a-findfp.o) (__sread)
E:/Programs/STM32CubeIDE_1.14.1/STM32CubeIDE/plugins/com.st.stm32cube.ide.mcu.externaltools.gnu-tools-for-stm32.11.3.rel1.win32_1.1.100.202309141235/tools/bin/../lib/gcc/arm-none-eabi/11.3.1/../../../../arm-none-eabi/lib/thumb/v6-m/nofp\libc_nano.a(libc_a-memset.o)
                              E:/Programs/STM32CubeIDE_1.14.1/STM32CubeIDE/plugins/com.st.stm32cube.ide.mcu.externaltools.gnu-tools-for-stm32.11.3.rel1.win32_1.1.100.202309141235/tools/bin/../lib/gcc/arm-none-eabi/11.3.1/../../../../arm-none-eabi/lib/thumb/v6-m/nofp/crt0.o (memset)
E:/Programs/STM32CubeIDE_1.14.1/STM32CubeIDE/plugins/com.st.stm32cube.ide.mcu.externaltools.gnu-tools-for-stm32.11.3.rel1.win32_1.1.100.202309141235/tools/bin/../lib/gcc/arm-none-eabi/11.3.1/../../../../arm-none-eabi/lib/thumb/v6-m/nofp\libc_nano.a(libc_a-closer.o)
                              E:/Programs/STM32CubeIDE_1.14.1/STM32CubeIDE/plugins/com.st.stm32cube.ide.mcu.externaltools.gnu-tools-for-stm32.11.3.rel1.win32_1.1.100.202309141235/tools/bin/../lib/gcc/arm-none-eabi/11.3.1/../../../../arm-none-eabi/lib/thumb/v6-m/nofp\libc_nano.a(libc_a-stdio.o) (_close_r)
E:/Programs/STM32CubeIDE_1.14.1/STM32CubeIDE/plugins/com.st.stm32cube.ide.mcu.externaltools.gnu-tools-for-stm32.11.3.rel1.win32_1.1.100.202309141235/tools/bin/../lib/gcc/arm-none-eabi/11.3.1/../../../../arm-none-eabi/lib/thumb/v6-m/nofp\libc_nano.a(libc_a-reent.o)
                              E:/Programs/STM32CubeIDE_1.14.1/STM32CubeIDE/plugins/com.st.stm32cube.ide.mcu.externaltools.gnu-tools-for-stm32.11.3.rel1.win32_1.1.100.202309141235/tools/bin/../lib/gcc/arm-none-eabi/11.3.1/../../../../arm-none-eabi/lib/thumb/v6-m/nofp\libc_nano.a(libc_a-closer.o) (errno)
E:/Programs/STM32CubeIDE_1.14.1/STM32CubeIDE/plugins/com.st.stm32cube.ide.mcu.externaltools.gnu-tools-for-stm32.11.3.rel1.win32_1.1.100.202309141235/tools/bin/../lib/gcc/arm-none-eabi/11.3.1/../../../../arm-none-eabi/lib/thumb/v6-m/nofp\libc_nano.a(libc_a-impure.o)
                              E:/Programs/STM32CubeIDE_1.14.1/STM32CubeIDE/plugins/com.st.stm32cube.ide.mcu.externaltools.gnu-tools-for-stm32.11.3.rel1.win32_1.1.100.202309141235/tools/bin/../lib/gcc/arm-none-eabi/11.3.1/../../../../arm-none-eabi/lib/thumb/v6-m/nofp\libc_nano.a(libc_a-reent.o) (_impure_ptr)
E:/Programs/STM32CubeIDE_1.14.1/STM32CubeIDE/plugins/com.st.stm32cube.ide.mcu.externaltools.gnu-tools-for-stm32.11.3.rel1.win32_1.1.100.202309141235/tools/bin/../lib/gcc/arm-none-eabi/11.3.1/../../../../arm-none-eabi/lib/thumb/v6-m/nofp\libc_nano.a(libc_a-lseekr.o)
[...]
Memory Configuration

Name             Origin             Length             Attributes
RAM              0x0000000020000000 0x0000000000000800 xrw
FLASH            0x0000000008000000 0x0000000000004000 xr
*default*        0x0000000000000000 0xffffffffffffffff

Linker script and memory map

LOAD E:/Programs/STM32CubeIDE_1.14.1/STM32CubeIDE/plugins/com.st.stm32cube.ide.mcu.externaltools.gnu-tools-for-stm32.11.3.rel1.win32_1.1.100.202309141235/tools/bin/../lib/gcc/arm-none-eabi/11.3.1/thumb/v6-m/nofp/crti.o
LOAD E:/Programs/STM32CubeIDE_1.14.1/STM32CubeIDE/plugins/com.st.stm32cube.ide.mcu.externaltools.gnu-tools-for-stm32.11.3.rel1.win32_1.1.100.202309141235/tools/bin/../lib/gcc/arm-none-eabi/11.3.1/thumb/v6-m/nofp/crtbegin.o
LOAD E:/Programs/STM32CubeIDE_1.14.1/STM32CubeIDE/plugins/com.st.stm32cube.ide.mcu.externaltools.gnu-tools-for-stm32.11.3.rel1.win32_1.1.100.202309141235/tools/bin/../lib/gcc/arm-none-eabi/11.3.1/../../../../arm-none-eabi/lib/thumb/v6-m/nofp/crt0.o
LOAD ./Core/Src/main.o
LOAD ./Core/Src/stm32l0xx_it.o
LOAD ./Core/Src/syscalls.o
LOAD ./Core/Src/sysmem.o
LOAD ./Core/Src/system_stm32l0xx.o
LOAD ./Core/Startup/startup_stm32l010k4tx.o
LOAD ./Drivers/STM32L0xx_HAL_Driver/Src/stm32l0xx_ll_exti.o
LOAD ./Drivers/STM32L0xx_HAL_Driver/Src/stm32l0xx_ll_gpio.o
LOAD ./Drivers/STM32L0xx_HAL_Driver/Src/stm32l0xx_ll_lptim.o
LOAD ./Drivers/STM32L0xx_HAL_Driver/Src/stm32l0xx_ll_pwr.o
LOAD ./Drivers/STM32L0xx_HAL_Driver/Src/stm32l0xx_ll_rcc.o
LOAD ./Drivers/STM32L0xx_HAL_Driver/Src/stm32l0xx_ll_rtc.o
LOAD ./Drivers/STM32L0xx_HAL_Driver/Src/stm32l0xx_ll_utils.o
START GROUP
LOAD E:/Programs/STM32CubeIDE_1.14.1/STM32CubeIDE/plugins/com.st.stm32cube.ide.mcu.externaltools.gnu-tools-for-stm32.11.3.rel1.win32_1.1.100.202309141235/tools/bin/../lib/gcc/arm-none-eabi/11.3.1/../../../../arm-none-eabi/lib/thumb/v6-m/nofp\libc_nano.a
LOAD E:/Programs/STM32CubeIDE_1.14.1/STM32CubeIDE/plugins/com.st.stm32cube.ide.mcu.externaltools.gnu-tools-for-stm32.11.3.rel1.win32_1.1.100.202309141235/tools/bin/../lib/gcc/arm-none-eabi/11.3.1/../../../../arm-none-eabi/lib/thumb/v6-m/nofp\libm.a
END GROUP
START GROUP
LOAD E:/Programs/STM32CubeIDE_1.14.1/STM32CubeIDE/plugins/com.st.stm32cube.ide.mcu.externaltools.gnu-tools-for-stm32.11.3.rel1.win32_1.1.100.202309141235/tools/bin/../lib/gcc/arm-none-eabi/11.3.1/thumb/v6-m/nofp\libgcc.a
LOAD E:/Programs/STM32CubeIDE_1.14.1/STM32CubeIDE/plugins/com.st.stm32cube.ide.mcu.externaltools.gnu-tools-for-stm32.11.3.rel1.win32_1.1.100.202309141235/tools/bin/../lib/gcc/arm-none-eabi/11.3.1/../../../../arm-none-eabi/lib/thumb/v6-m/nofp\libc_nano.a
END GROUP
START GROUP
LOAD E:/Programs/STM32CubeIDE_1.14.1/STM32CubeIDE/plugins/com.st.stm32cube.ide.mcu.externaltools.gnu-tools-for-stm32.11.3.rel1.win32_1.1.100.202309141235/tools/bin/../lib/gcc/arm-none-eabi/11.3.1/thumb/v6-m/nofp\libgcc.a
LOAD E:/Programs/STM32CubeIDE_1.14.1/STM32CubeIDE/plugins/com.st.stm32cube.ide.mcu.externaltools.gnu-tools-for-stm32.11.3.rel1.win32_1.1.100.202309141235/tools/bin/../lib/gcc/arm-none-eabi/11.3.1/../../../../arm-none-eabi/lib/thumb/v6-m/nofp\libc_nano.a
LOAD E:/Programs/STM32CubeIDE_1.14.1/STM32CubeIDE/plugins/com.st.stm32cube.ide.mcu.externaltools.gnu-tools-for-stm32.11.3.rel1.win32_1.1.100.202309141235/tools/bin/../lib/gcc/arm-none-eabi/11.3.1/../../../../arm-none-eabi/lib/thumb/v6-m/nofp\libnosys.a
END GROUP
START GROUP
LOAD E:/Programs/STM32CubeIDE_1.14.1/STM32CubeIDE/plugins/com.st.stm32cube.ide.mcu.externaltools.gnu-tools-for-stm32.11.3.rel1.win32_1.1.100.202309141235/tools/bin/../lib/gcc/arm-none-eabi/11.3.1/thumb/v6-m/nofp\libgcc.a
LOAD E:/Programs/STM32CubeIDE_1.14.1/STM32CubeIDE/plugins/com.st.stm32cube.ide.mcu.externaltools.gnu-tools-for-stm32.11.3.rel1.win32_1.1.100.202309141235/tools/bin/../lib/gcc/arm-none-eabi/11.3.1/../../../../arm-none-eabi/lib/thumb/v6-m/nofp\libc_nano.a
LOAD E:/Programs/STM32CubeIDE_1.14.1/STM32CubeIDE/plugins/com.st.stm32cube.ide.mcu.externaltools.gnu-tools-for-stm32.11.3.rel1.win32_1.1.100.202309141235/tools/bin/../lib/gcc/arm-none-eabi/11.3.1/../../../../arm-none-eabi/lib/thumb/v6-m/nofp\libnosys.a
END GROUP
LOAD E:/Programs/STM32CubeIDE_1.14.1/STM32CubeIDE/plugins/com.st.stm32cube.ide.mcu.externaltools.gnu-tools-for-stm32.11.3.rel1.win32_1.1.100.202309141235/tools/bin/../lib/gcc/arm-none-eabi/11.3.1/thumb/v6-m/nofp/crtend.o
LOAD E:/Programs/STM32CubeIDE_1.14.1/STM32CubeIDE/plugins/com.st.stm32cube.ide.mcu.externaltools.gnu-tools-for-stm32.11.3.rel1.win32_1.1.100.202309141235/tools/bin/../lib/gcc/arm-none-eabi/11.3.1/thumb/v6-m/nofp/crtn.o
                0x0000000020000800                _estack = (ORIGIN (RAM) + LENGTH (RAM))
                0x0000000000000200                _Min_Heap_Size = 0x200
                0x0000000000000400                _Min_Stack_Size = 0x400

.isr_vector     0x0000000008000000       0xc0
                0x0000000008000000                . = ALIGN (0x4)
 *(.isr_vector)
 .isr_vector    0x0000000008000000       0xc0 ./Core/Startup/startup_stm32l010k4tx.o
                0x0000000008000000                g_pfnVectors
                0x00000000080000c0                . = ALIGN (0x4)

.text           0x00000000080000c0     0x1660
                0x00000000080000c0                . = ALIGN (0x4)
 *(.text)
 .text          0x00000000080000c0       0x48 E:/Programs/STM32CubeIDE_1.14.1/STM32CubeIDE/plugins/com.st.stm32cube.ide.mcu.externaltools.gnu-tools-for-stm32.11.3.rel1.win32_1.1.100.202309141235/tools/bin/../lib/gcc/arm-none-eabi/11.3.1/thumb/v6-m/nofp/crtbegin.o
 .text          0x0000000008000108      0x114 E:/Programs/STM32CubeIDE_1.14.1/STM32CubeIDE/plugins/com.st.stm32cube.ide.mcu.externaltools.gnu-tools-for-stm32.11.3.rel1.win32_1.1.100.202309141235/tools/bin/../lib/gcc/arm-none-eabi/11.3.1/thumb/v6-m/nofp\libgcc.a(_udivsi3.o)
                0x0000000008000108                __aeabi_uidiv
                0x0000000008000108                __udivsi3
                0x0000000008000214                __aeabi_uidivmod
 .text          0x000000000800021c        0x4 E:/Programs/STM32CubeIDE_1.14.1/STM32CubeIDE/plugins/com.st.stm32cube.ide.mcu.externaltools.gnu-tools-for-stm32.11.3.rel1.win32_1.1.100.202309141235/tools/bin/../lib/gcc/arm-none-eabi/11.3.1/thumb/v6-m/nofp\libgcc.a(_dvmd_tls.o)
                0x000000000800021c                __aeabi_idiv0
                0x000000000800021c                __aeabi_ldiv0
 *(.text*)
 .text.__NVIC_SetPriority
                0x0000000008000220       0xdc ./Core/Src/main.o
 .text.LL_LPTIM_SetUpdateMode
                0x00000000080002fc       0x28 ./Core/Src/main.o
 .text.LL_LPTIM_SetCounterMode
                0x0000000008000324       0x28 ./Core/Src/main.o
 .text.LL_LPTIM_SetPolarity
                0x000000000800034c       0x28 ./Core/Src/main.o
 .text.LL_LPTIM_SetPrescaler
                0x0000000008000374       0x28 ./Core/Src/main.o
 .text.LL_LPTIM_TrigSw
                0x000000000800039c       0x20 ./Core/Src/main.o
 .text.LL_LPTIM_SetClockSource
                0x00000000080003bc       0x24 ./Core/Src/main.o
 .text.LL_LPTIM_ConfigClock
                0x00000000080003e0       0x2a ./Core/Src/main.o
 *fill*         0x000000000800040a        0x2 
 .text.LL_RCC_HSI_Enable
                0x000000000800040c       0x1c ./Core/Src/main.o
 .text.LL_RCC_HSI_IsReady
                0x0000000008000428       0x20 ./Core/Src/main.o
 .text.LL_RCC_HSI_SetCalibTrimming
                0x0000000008000448       0x2c ./Core/Src/main.o
 .text.LL_RCC_LSE_Enable
                0x0000000008000474       0x1c ./Core/Src/main.o
 .text.LL_RCC_LSE_SetDriveCapability
                0x0000000008000490       0x2c ./Core/Src/main.o
 .text.LL_RCC_LSE_EnableCSS
                0x00000000080004bc       0x1c ./Core/Src/main.o
 .text.LL_RCC_LSE_IsReady
                0x00000000080004d8       0x28 ./Core/Src/main.o
 .text.LL_RCC_SetSysClkSource
                0x0000000008000500       0x28 ./Core/Src/main.o
 .text.LL_RCC_GetSysClkSource
                0x0000000008000528       0x18 ./Core/Src/main.o
 .text.LL_RCC_SetAHBPrescaler
                0x0000000008000540       0x28 ./Core/Src/main.o
 .text.LL_RCC_SetAPB1Prescaler
                0x0000000008000568       0x2c ./Core/Src/main.o
 .text.LL_RCC_SetAPB2Prescaler
                0x0000000008000594       0x2c ./Core/Src/main.o
 .text.LL_RCC_SetLPTIMClockSource
                0x00000000080005c0       0x2c ./Core/Src/main.o
 .text.LL_RCC_SetRTCClockSource
                0x00000000080005ec       0x2c ./Core/Src/main.o
 .text.LL_RCC_GetRTCClockSource
                0x0000000008000618       0x18 ./Core/Src/main.o
 .text.LL_RCC_EnableRTC
                0x0000000008000630       0x1c ./Core/Src/main.o
 .text.LL_RCC_ForceBackupDomainReset
                0x000000000800064c       0x1c ./Core/Src/main.o
 .text.LL_RCC_ReleaseBackupDomainReset
                0x0000000008000668       0x20 ./Core/Src/main.o
 .text.LL_RCC_PLL_Enable
                0x0000000008000688       0x1c ./Core/Src/main.o
 .text.LL_RCC_PLL_IsReady
                0x00000000080006a4       0x28 ./Core/Src/main.o
 .text.LL_RCC_PLL_ConfigDomain_SYS
                0x00000000080006cc       0x38 ./Core/Src/main.o
 .text.LL_APB1_GRP1_EnableClock
                0x0000000008000704       0x2c ./Core/Src/main.o
 .text.LL_APB2_GRP1_EnableClock
                0x0000000008000730       0x2c ./Core/Src/main.o
 .text.LL_IOP_GRP1_EnableClock
                0x000000000800075c       0x2c ./Core/Src/main.o
 .text.LL_SYSCFG_SetEXTISource
                0x0000000008000788       0x4c ./Core/Src/main.o
 .text.LL_FLASH_SetLatency
                0x00000000080007d4       0x28 ./Core/Src/main.o
 .text.LL_FLASH_GetLatency
                0x00000000080007fc       0x18 ./Core/Src/main.o
 .text.LL_PWR_SetRegulVoltageScaling
                0x0000000008000814       0x2c ./Core/Src/main.o
 .text.LL_PWR_EnableBkUpAccess
                0x0000000008000840       0x1c ./Core/Src/main.o
 .text.LL_PWR_IsActiveFlag_VOS
                0x000000000800085c       0x20 ./Core/Src/main.o
 .text.LL_RTC_WAKEUP_Enable
                0x000000000800087c       0x1e ./Core/Src/main.o
 .text.LL_RTC_WAKEUP_SetClock
                0x000000000800089a       0x24 ./Core/Src/main.o
 .text.LL_GPIO_SetPinMode
                0x00000000080008be       0x38 ./Core/Src/main.o
 .text.LL_GPIO_SetPinPull
                0x00000000080008f6       0x38 ./Core/Src/main.o
 .text.LL_GPIO_ResetOutputPin
                0x000000000800092e       0x18 ./Core/Src/main.o
 .text.main     0x0000000008000946       0x32 ./Core/Src/main.o
                0x0000000008000946                main
 .text.SystemClock_Config
                0x0000000008000978       0xf4 ./Core/Src/main.o
                0x0000000008000978                SystemClock_Config
 .text.MX_LPTIM1_Init
                0x0000000008000a6c       0xe0 ./Core/Src/main.o
 .text.MX_RTC_Init
                0x0000000008000b4c       0x54 ./Core/Src/main.o
 .text.MX_GPIO_Init
                0x0000000008000ba0      0x380 ./Core/Src/main.o
 .text.NMI_Handler
                0x0000000008000f20        0x6 ./Core/Src/stm32l0xx_it.o
                0x0000000008000f20                NMI_Handler
 .text.HardFault_Handler
                0x0000000008000f26        0x6 ./Core/Src/stm32l0xx_it.o
                0x0000000008000f26                HardFault_Handler
 .text.SVC_Handler
                0x0000000008000f2c        0xa ./Core/Src/stm32l0xx_it.o
                0x0000000008000f2c                SVC_Handler
 .text.PendSV_Handler
                0x0000000008000f36        0xa ./Core/Src/stm32l0xx_it.o
                0x0000000008000f36                PendSV_Handler
 .text.SysTick_Handler
                0x0000000008000f40        0xa ./Core/Src/stm32l0xx_it.o
                0x0000000008000f40                SysTick_Handler
 .text.SystemInit
                0x0000000008000f4a        0xa ./Core/Src/system_stm32l0xx.o
                0x0000000008000f4a                SystemInit
 .text.Reset_Handler
                0x0000000008000f54       0x80 ./Core/Startup/startup_stm32l010k4tx.o
                0x0000000008000f54                Reset_Handler
 .text.Default_Handler
                0x0000000008000fd4        0x2 ./Core/Startup/startup_stm32l010k4tx.o
                0x0000000008000fd4                I2C1_IRQHandler
                0x0000000008000fd4                SPI1_IRQHandler
                0x0000000008000fd4                EXTI2_3_IRQHandler
                0x0000000008000fd4                ADC1_IRQHandler
                0x0000000008000fd4                RTC_IRQHandler
                0x0000000008000fd4                EXTI4_15_IRQHandler
                0x0000000008000fd4                RCC_IRQHandler
                0x0000000008000fd4                DMA1_Channel1_IRQHandler
                0x0000000008000fd4                Default_Handler
                0x0000000008000fd4                DMA1_Channel4_5_IRQHandler
                0x0000000008000fd4                EXTI0_1_IRQHandler
                0x0000000008000fd4                TIM21_IRQHandler
                0x0000000008000fd4                WWDG_IRQHandler
                0x0000000008000fd4                LPUART1_IRQHandler
                0x0000000008000fd4                TIM2_IRQHandler
                0x0000000008000fd4                DMA1_Channel2_3_IRQHandler
                0x0000000008000fd4                USART2_IRQHandler
                0x0000000008000fd4                FLASH_IRQHandler
                0x0000000008000fd4                LPTIM1_IRQHandler
 *fill*         0x0000000008000fd6        0x2 
 .text.LL_EXTI_EnableIT_0_31
                0x0000000008000fd8       0x20 ./Drivers/STM32L0xx_HAL_Driver/Src/stm32l0xx_ll_exti.o
 .text.LL_EXTI_DisableIT_0_31
                0x0000000008000ff8       0x24 ./Drivers/STM32L0xx_HAL_Driver/Src/stm32l0xx_ll_exti.o
 .text.LL_EXTI_EnableEvent_0_31
                0x000000000800101c       0x20 ./Drivers/STM32L0xx_HAL_Driver/Src/stm32l0xx_ll_exti.o
 .text.LL_EXTI_DisableEvent_0_31
                0x000000000800103c       0x24 ./Drivers/STM32L0xx_HAL_Driver/Src/stm32l0xx_ll_exti.o
 .text.LL_EXTI_EnableRisingTrig_0_31
                0x0000000008001060       0x20 ./Drivers/STM32L0xx_HAL_Driver/Src/stm32l0xx_ll_exti.o
 .text.LL_EXTI_DisableRisingTrig_0_31
                0x0000000008001080       0x24 ./Drivers/STM32L0xx_HAL_Driver/Src/stm32l0xx_ll_exti.o
 .text.LL_EXTI_EnableFallingTrig_0_31
                0x00000000080010a4       0x20 ./Drivers/STM32L0xx_HAL_Driver/Src/stm32l0xx_ll_exti.o
 .text.LL_EXTI_DisableFallingTrig_0_31
                0x00000000080010c4       0x24 ./Drivers/STM32L0xx_HAL_Driver/Src/stm32l0xx_ll_exti.o
 .text.LL_EXTI_Init
                0x00000000080010e8      0x10e ./Drivers/STM32L0xx_HAL_Driver/Src/stm32l0xx_ll_exti.o
                0x00000000080010e8                LL_EXTI_Init
 .text.LL_GPIO_SetPinMode
                0x00000000080011f6       0x38 ./Drivers/STM32L0xx_HAL_Driver/Src/stm32l0xx_ll_gpio.o
 .text.LL_GPIO_SetPinOutputType
                0x000000000800122e       0x2a ./Drivers/STM32L0xx_HAL_Driver/Src/stm32l0xx_ll_gpio.o
 .text.LL_GPIO_SetPinSpeed
                0x0000000008001258       0x38 ./Drivers/STM32L0xx_HAL_Driver/Src/stm32l0xx_ll_gpio.o
 .text.LL_GPIO_SetPinPull
                0x0000000008001290       0x38 ./Drivers/STM32L0xx_HAL_Driver/Src/stm32l0xx_ll_gpio.o
 .text.LL_GPIO_SetAFPin_0_7
                0x00000000080012c8       0x46 ./Drivers/STM32L0xx_HAL_Driver/Src/stm32l0xx_ll_gpio.o
 .text.LL_GPIO_SetAFPin_8_15
                0x000000000800130e       0x5a ./Drivers/STM32L0xx_HAL_Driver/Src/stm32l0xx_ll_gpio.o
 .text.LL_GPIO_Init
                0x0000000008001368       0xbc ./Drivers/STM32L0xx_HAL_Driver/Src/stm32l0xx_ll_gpio.o
                0x0000000008001368                LL_GPIO_Init
 .text.LL_RTC_SetHourFormat
                0x0000000008001424       0x24 ./Drivers/STM32L0xx_HAL_Driver/Src/stm32l0xx_ll_rtc.o
 .text.LL_RTC_EnableInitMode
                0x0000000008001448       0x18 ./Drivers/STM32L0xx_HAL_Driver/Src/stm32l0xx_ll_rtc.o
 .text.LL_RTC_DisableInitMode
                0x0000000008001460       0x18 ./Drivers/STM32L0xx_HAL_Driver/Src/stm32l0xx_ll_rtc.o
 .text.LL_RTC_SetAsynchPrescaler
                0x0000000008001478       0x28 ./Drivers/STM32L0xx_HAL_Driver/Src/stm32l0xx_ll_rtc.o
 .text.LL_RTC_SetSynchPrescaler
                0x00000000080014a0       0x22 ./Drivers/STM32L0xx_HAL_Driver/Src/stm32l0xx_ll_rtc.o
 .text.LL_RTC_EnableWriteProtection
                0x00000000080014c2       0x16 ./Drivers/STM32L0xx_HAL_Driver/Src/stm32l0xx_ll_rtc.o
 .text.LL_RTC_DisableWriteProtection
                0x00000000080014d8       0x1c ./Drivers/STM32L0xx_HAL_Driver/Src/stm32l0xx_ll_rtc.o
 .text.LL_RTC_IsActiveFlag_INIT
                0x00000000080014f4       0x22 ./Drivers/STM32L0xx_HAL_Driver/Src/stm32l0xx_ll_rtc.o
 *fill*         0x0000000008001516        0x2 
 .text.LL_SYSTICK_IsActiveCounterFlag
                0x0000000008001518       0x28 ./Drivers/STM32L0xx_HAL_Driver/Src/stm32l0xx_ll_rtc.o
 .text.LL_RTC_Init
                0x0000000008001540       0x76 ./Drivers/STM32L0xx_HAL_Driver/Src/stm32l0xx_ll_rtc.o
                0x0000000008001540                LL_RTC_Init
 .text.LL_RTC_EnterInitMode
                0x00000000080015b6       0x88 ./Drivers/STM32L0xx_HAL_Driver/Src/stm32l0xx_ll_rtc.o
                0x00000000080015b6                LL_RTC_EnterInitMode
 *fill*         0x000000000800163e        0x2 
 .text.LL_InitTick
                0x0000000008001640       0x34 ./Drivers/STM32L0xx_HAL_Driver/Src/stm32l0xx_ll_utils.o
 .text.LL_Init1msTick
                0x0000000008001674       0x1e ./Drivers/STM32L0xx_HAL_Driver/Src/stm32l0xx_ll_utils.o
                0x0000000008001674                LL_Init1msTick
 *fill*         0x0000000008001692        0x2 
 .text.LL_SetSystemCoreClock
                0x0000000008001694       0x1c ./Drivers/STM32L0xx_HAL_Driver/Src/stm32l0xx_ll_utils.o
                0x0000000008001694                LL_SetSystemCoreClock
 .text.memset   0x00000000080016b0       0x10 E:/Programs/STM32CubeIDE_1.14.1/STM32CubeIDE/plugins/com.st.stm32cube.ide.mcu.externaltools.gnu-tools-for-stm32.11.3.rel1.win32_1.1.100.202309141235/tools/bin/../lib/gcc/arm-none-eabi/11.3.1/../../../../arm-none-eabi/lib/thumb/v6-m/nofp\libc_nano.a(libc_a-memset.o)
                0x00000000080016b0                memset
 .text.__libc_init_array
                0x00000000080016c0       0x48 E:/Programs/STM32CubeIDE_1.14.1/STM32CubeIDE/plugins/com.st.stm32cube.ide.mcu.externaltools.gnu-tools-for-stm32.11.3.rel1.win32_1.1.100.202309141235/tools/bin/../lib/gcc/arm-none-eabi/11.3.1/../../../../arm-none-eabi/lib/thumb/v6-m/nofp\libc_nano.a(libc_a-init.o)
                0x00000000080016c0                __libc_init_array
 *(.glue_7)
 .glue_7        0x0000000008001708        0x0 linker stubs
 *(.glue_7t)
 .glue_7t       0x0000000008001708        0x0 linker stubs
 *(.eh_frame)
 .eh_frame      0x0000000008001708        0x0 E:/Programs/STM32CubeIDE_1.14.1/STM32CubeIDE/plugins/com.st.stm32cube.ide.mcu.externaltools.gnu-tools-for-stm32.11.3.rel1.win32_1.1.100.202309141235/tools/bin/../lib/gcc/arm-none-eabi/11.3.1/thumb/v6-m/nofp/crtbegin.o
 *(.init)
 .init          0x0000000008001708        0x4 E:/Programs/STM32CubeIDE_1.14.1/STM32CubeIDE/plugins/com.st.stm32cube.ide.mcu.externaltools.gnu-tools-for-stm32.11.3.rel1.win32_1.1.100.202309141235/tools/bin/../lib/gcc/arm-none-eabi/11.3.1/thumb/v6-m/nofp/crti.o
                0x0000000008001708                _init
 .init          0x000000000800170c        0x8 E:/Programs/STM32CubeIDE_1.14.1/STM32CubeIDE/plugins/com.st.stm32cube.ide.mcu.externaltools.gnu-tools-for-stm32.11.3.rel1.win32_1.1.100.202309141235/tools/bin/../lib/gcc/arm-none-eabi/11.3.1/thumb/v6-m/nofp/crtn.o
 *(.fini)
 .fini          0x0000000008001714        0x4 E:/Programs/STM32CubeIDE_1.14.1/STM32CubeIDE/plugins/com.st.stm32cube.ide.mcu.externaltools.gnu-tools-for-stm32.11.3.rel1.win32_1.1.100.202309141235/tools/bin/../lib/gcc/arm-none-eabi/11.3.1/thumb/v6-m/nofp/crti.o
                0x0000000008001714                _fini
 .fini          0x0000000008001718        0x8 E:/Programs/STM32CubeIDE_1.14.1/STM32CubeIDE/plugins/com.st.stm32cube.ide.mcu.externaltools.gnu-tools-for-stm32.11.3.rel1.win32_1.1.100.202309141235/tools/bin/../lib/gcc/arm-none-eabi/11.3.1/thumb/v6-m/nofp/crtn.o
                0x0000000008001720                . = ALIGN (0x4)
                0x0000000008001720                _etext = .

.vfp11_veneer   0x0000000008001720        0x0
 .vfp11_veneer  0x0000000008001720        0x0 linker stubs

.v4_bx          0x0000000008001720        0x0
 .v4_bx         0x0000000008001720        0x0 linker stubs

.iplt           0x0000000008001720        0x0
 .iplt          0x0000000008001720        0x0 E:/Programs/STM32CubeIDE_1.14.1/STM32CubeIDE/plugins/com.st.stm32cube.ide.mcu.externaltools.gnu-tools-for-stm32.11.3.rel1.win32_1.1.100.202309141235/tools/bin/../lib/gcc/arm-none-eabi/11.3.1/thumb/v6-m/nofp/crtbegin.o

.rel.dyn        0x0000000008001720        0x0
 .rel.iplt      0x0000000008001720        0x0 E:/Programs/STM32CubeIDE_1.14.1/STM32CubeIDE/plugins/com.st.stm32cube.ide.mcu.externaltools.gnu-tools-for-stm32.11.3.rel1.win32_1.1.100.202309141235/tools/bin/../lib/gcc/arm-none-eabi/11.3.1/thumb/v6-m/nofp/crtbegin.o

.rodata         0x0000000008001720        0x0
                0x0000000008001720                . = ALIGN (0x4)
 *(.rodata)
 *(.rodata*)
                0x0000000008001720                . = ALIGN (0x4)

.ARM.extab      0x0000000008001720        0x0
                0x0000000008001720                . = ALIGN (0x4)
 *(.ARM.extab* .gnu.linkonce.armextab.*)
                0x0000000008001720                . = ALIGN (0x4)

.ARM            0x0000000008001720        0x0
                0x0000000008001720                . = ALIGN (0x4)
                0x0000000008001720                __exidx_start = .
 *(.ARM.exidx*)
                0x0000000008001720                __exidx_end = .
                0x0000000008001720                . = ALIGN (0x4)

.preinit_array  0x0000000008001720        0x0
                0x0000000008001720                . = ALIGN (0x4)
                0x0000000008001720                PROVIDE (__preinit_array_start = .)
 *(.preinit_array*)
                0x0000000008001720                PROVIDE (__preinit_array_end = .)
                0x0000000008001720                . = ALIGN (0x4)

.init_array     0x0000000008001720        0x4
                0x0000000008001720                . = ALIGN (0x4)
                0x0000000008001720                PROVIDE (__init_array_start = .)
 *(SORT_BY_NAME(.init_array.*))
 *(.init_array*)
 .init_array    0x0000000008001720        0x4 E:/Programs/STM32CubeIDE_1.14.1/STM32CubeIDE/plugins/com.st.stm32cube.ide.mcu.externaltools.gnu-tools-for-stm32.11.3.rel1.win32_1.1.100.202309141235/tools/bin/../lib/gcc/arm-none-eabi/11.3.1/thumb/v6-m/nofp/crtbegin.o
                0x0000000008001724                PROVIDE (__init_array_end = .)
                0x0000000008001724                . = ALIGN (0x4)

.fini_array     0x0000000008001724        0x4
                0x0000000008001724                . = ALIGN (0x4)
                [!provide]                        PROVIDE (__fini_array_start = .)
 *(SORT_BY_NAME(.fini_array.*))
 *(.fini_array*)
 .fini_array    0x0000000008001724        0x4 E:/Programs/STM32CubeIDE_1.14.1/STM32CubeIDE/plugins/com.st.stm32cube.ide.mcu.externaltools.gnu-tools-for-stm32.11.3.rel1.win32_1.1.100.202309141235/tools/bin/../lib/gcc/arm-none-eabi/11.3.1/thumb/v6-m/nofp/crtbegin.o
                [!provide]                        PROVIDE (__fini_array_end = .)
                0x0000000008001728                . = ALIGN (0x4)
                0x0000000008001728                _sidata = LOADADDR (.data)

.data           0x0000000020000000        0x4 load address 0x0000000008001728
                0x0000000020000000                . = ALIGN (0x4)
                0x0000000020000000                _sdata = .
 *(.data)
 *(.data*)
 .data.SystemCoreClock
                0x0000000020000000        0x4 ./Core/Src/system_stm32l0xx.o
                0x0000000020000000                SystemCoreClock
 *(.RamFunc)
 *(.RamFunc*)
                0x0000000020000004                . = ALIGN (0x4)
                0x0000000020000004                _edata = .

.igot.plt       0x0000000020000004        0x0 load address 0x000000000800172c
 .igot.plt      0x0000000020000004        0x0 E:/Programs/STM32CubeIDE_1.14.1/STM32CubeIDE/plugins/com.st.stm32cube.ide.mcu.externaltools.gnu-tools-for-stm32.11.3.rel1.win32_1.1.100.202309141235/tools/bin/../lib/gcc/arm-none-eabi/11.3.1/thumb/v6-m/nofp/crtbegin.o
                0x0000000020000004                . = ALIGN (0x4)

.bss            0x0000000020000004       0x1c load address 0x000000000800172c
                0x0000000020000004                _sbss = .
                0x0000000020000004                __bss_start__ = _sbss
 *(.bss)
 .bss           0x0000000020000004       0x1c E:/Programs/STM32CubeIDE_1.14.1/STM32CubeIDE/plugins/com.st.stm32cube.ide.mcu.externaltools.gnu-tools-for-stm32.11.3.rel1.win32_1.1.100.202309141235/tools/bin/../lib/gcc/arm-none-eabi/11.3.1/thumb/v6-m/nofp/crtbegin.o
 *(.bss*)
 *(COMMON)
                0x0000000020000020                . = ALIGN (0x4)
                0x0000000020000020                _ebss = .
                0x0000000020000020                __bss_end__ = _ebss

._user_heap_stack
                0x0000000020000020      0x600 load address 0x000000000800172c
                0x0000000020000020                . = ALIGN (0x8)
                [!provide]                        PROVIDE (end = .)
                0x0000000020000020                PROVIDE (_end = .)
                0x0000000020000220                . = (. + _Min_Heap_Size)
 *fill*         0x0000000020000020      0x200 
                0x0000000020000620                . = (. + _Min_Stack_Size)
 *fill*         0x0000000020000220      0x400 
                0x0000000020000620                . = ALIGN (0x8)

/DISCARD/
 libc.a(*)
 libm.a(*)
 libgcc.a(*)

.ARM.attributes
                0x0000000000000000       0x28
 *(.ARM.attributes)
 .ARM.attributes
                0x0000000000000000       0x1e E:/Programs/STM32CubeIDE_1.14.1/STM32CubeIDE/plugins/com.st.stm32cube.ide.mcu.externaltools.gnu-tools-for-stm32.11.3.rel1.win32_1.1.100.202309141235/tools/bin/../lib/gcc/arm-none-eabi/11.3.1/thumb/v6-m/nofp/crti.o
 .ARM.attributes
                0x000000000000001e       0x2c E:/Programs/STM32CubeIDE_1.14.1/STM32CubeIDE/plugins/com.st.stm32cube.ide.mcu.externaltools.gnu-tools-for-stm32.11.3.rel1.win32_1.1.100.202309141235/tools/bin/../lib/gcc/arm-none-eabi/11.3.1/thumb/v6-m/nofp/crtbegin.o
 .ARM.attributes
                0x000000000000004a       0x2c ./Core/Src/main.o
 .ARM.attributes
                0x0000000000000076       0x2c ./Core/Src/stm32l0xx_it.o
 .ARM.attributes
                0x00000000000000a2       0x2c ./Core/Src/system_stm32l0xx.o
 .ARM.attributes
                0x00000000000000ce       0x22 ./Core/Startup/startup_stm32l010k4tx.o
 .ARM.attributes
                0x00000000000000f0       0x2c ./Drivers/STM32L0xx_HAL_Driver/Src/stm32l0xx_ll_exti.o
 .ARM.attributes
                0x000000000000011c       0x2c ./Drivers/STM32L0xx_HAL_Driver/Src/stm32l0xx_ll_gpio.o
 .ARM.attributes
                0x0000000000000148       0x2c ./Drivers/STM32L0xx_HAL_Driver/Src/stm32l0xx_ll_rtc.o
 .ARM.attributes
                0x0000000000000174       0x2c ./Drivers/STM32L0xx_HAL_Driver/Src/stm32l0xx_ll_utils.o
 .ARM.attributes
                0x00000000000001a0       0x2c E:/Programs/STM32CubeIDE_1.14.1/STM32CubeIDE/plugins/com.st.stm32cube.ide.mcu.externaltools.gnu-tools-for-stm32.11.3.rel1.win32_1.1.100.202309141235/tools/bin/../lib/gcc/arm-none-eabi/11.3.1/../../../../arm-none-eabi/lib/thumb/v6-m/nofp\libc_nano.a(libc_a-memset.o)
 .ARM.attributes
                0x00000000000001cc       0x2c E:/Programs/STM32CubeIDE_1.14.1/STM32CubeIDE/plugins/com.st.stm32cube.ide.mcu.externaltools.gnu-tools-for-stm32.11.3.rel1.win32_1.1.100.202309141235/tools/bin/../lib/gcc/arm-none-eabi/11.3.1/../../../../arm-none-eabi/lib/thumb/v6-m/nofp\libc_nano.a(libc_a-init.o)
 .ARM.attributes
                0x00000000000001f8       0x1e E:/Programs/STM32CubeIDE_1.14.1/STM32CubeIDE/plugins/com.st.stm32cube.ide.mcu.externaltools.gnu-tools-for-stm32.11.3.rel1.win32_1.1.100.202309141235/tools/bin/../lib/gcc/arm-none-eabi/11.3.1/thumb/v6-m/nofp\libgcc.a(_udivsi3.o)
 .ARM.attributes
                0x0000000000000216       0x1e E:/Programs/STM32CubeIDE_1.14.1/STM32CubeIDE/plugins/com.st.stm32cube.ide.mcu.externaltools.gnu-tools-for-stm32.11.3.rel1.win32_1.1.100.202309141235/tools/bin/../lib/gcc/arm-none-eabi/11.3.1/thumb/v6-m/nofp\libgcc.a(_dvmd_tls.o)
 .ARM.attributes
                0x0000000000000234       0x1e E:/Programs/STM32CubeIDE_1.14.1/STM32CubeIDE/plugins/com.st.stm32cube.ide.mcu.externaltools.gnu-tools-for-stm32.11.3.rel1.win32_1.1.100.202309141235/tools/bin/../lib/gcc/arm-none-eabi/11.3.1/thumb/v6-m/nofp/crtn.o
OUTPUT(SunRiseClock.elf elf32-littlearm)
LOAD linker stubs
LOAD E:/Programs/STM32CubeIDE_1.14.1/STM32CubeIDE/plugins/com.st.stm32cube.ide.mcu.externaltools.gnu-tools-for-stm32.11.3.rel1.win32_1.1.100.202309141235/tools/bin/../lib/gcc/arm-none-eabi/11.3.1/../../../../arm-none-eabi/lib/thumb/v6-m/nofp\libc.a
LOAD E:/Programs/STM32CubeIDE_1.14.1/STM32CubeIDE/plugins/com.st.stm32cube.ide.mcu.externaltools.gnu-tools-for-stm32.11.3.rel1.win32_1.1.100.202309141235/tools/bin/../lib/gcc/arm-none-eabi/11.3.1/../../../../arm-none-eabi/lib/thumb/v6-m/nofp\libm.a
LOAD E:/Programs/STM32CubeIDE_1.14.1/STM32CubeIDE/plugins/com.st.stm32cube.ide.mcu.externaltools.gnu-tools-for-stm32.11.3.rel1.win32_1.1.100.202309141235/tools/bin/../lib/gcc/arm-none-eabi/11.3.1/thumb/v6-m/nofp\libgcc.a

.comment        0x0000000000000000       0x43
 .comment       0x0000000000000000       0x43 E:/Programs/STM32CubeIDE_1.14.1/STM32CubeIDE/plugins/com.st.stm32cube.ide.mcu.externaltools.gnu-tools-for-stm32.11.3.rel1.win32_1.1.100.202309141235/tools/bin/../lib/gcc/arm-none-eabi/11.3.1/thumb/v6-m/nofp/crtbegin.o
                                         0x44 (size before relaxing)
 .comment       0x0000000000000043       0x44 ./Core/Src/main.o
 .comment       0x0000000000000043       0x44 ./Core/Src/stm32l0xx_it.o
 .comment       0x0000000000000043       0x44 ./Core/Src/system_stm32l0xx.o
 .comment       0x0000000000000043       0x44 ./Drivers/STM32L0xx_HAL_Driver/Src/stm32l0xx_ll_exti.o
 .comment       0x0000000000000043       0x44 ./Drivers/STM32L0xx_HAL_Driver/Src/stm32l0xx_ll_gpio.o
 .comment       0x0000000000000043       0x44 ./Drivers/STM32L0xx_HAL_Driver/Src/stm32l0xx_ll_rtc.o
 .comment       0x0000000000000043       0x44 ./Drivers/STM32L0xx_HAL_Driver/Src/stm32l0xx_ll_utils.o

.debug_info     0x0000000000000000     0x3341
 .debug_info    0x0000000000000000     0x1171 ./Core/Src/main.o
 .debug_info    0x0000000000001171      0x105 ./Core/Src/stm32l0xx_it.o
 .debug_info    0x0000000000001276      0x2c9 ./Core/Src/system_stm32l0xx.o
 .debug_info    0x000000000000153f       0x23 ./Core/Startup/startup_stm32l010k4tx.o
 .debug_info    0x0000000000001562      0x330 ./Drivers/STM32L0xx_HAL_Driver/Src/stm32l0xx_ll_exti.o
 .debug_info    0x0000000000001892      0x57c ./Drivers/STM32L0xx_HAL_Driver/Src/stm32l0xx_ll_gpio.o
 .debug_info    0x0000000000001e0e      0xcc9 ./Drivers/STM32L0xx_HAL_Driver/Src/stm32l0xx_ll_rtc.o
 .debug_info    0x0000000000002ad7      0x86a ./Drivers/STM32L0xx_HAL_Driver/Src/stm32l0xx_ll_utils.o

.debug_abbrev   0x0000000000000000      0xbcd
 .debug_abbrev  0x0000000000000000      0x29d ./Core/Src/main.o
 .debug_abbrev  0x000000000000029d       0x80 ./Core/Src/stm32l0xx_it.o
 .debug_abbrev  0x000000000000031d      0x11c ./Core/Src/system_stm32l0xx.o
 .debug_abbrev  0x0000000000000439       0x12 ./Core/Startup/startup_stm32l010k4tx.o
 .debug_abbrev  0x000000000000044b      0x159 ./Drivers/STM32L0xx_HAL_Driver/Src/stm32l0xx_ll_exti.o
 .debug_abbrev  0x00000000000005a4      0x1a2 ./Drivers/STM32L0xx_HAL_Driver/Src/stm32l0xx_ll_gpio.o
 .debug_abbrev  0x0000000000000746      0x22f ./Drivers/STM32L0xx_HAL_Driver/Src/stm32l0xx_ll_rtc.o
 .debug_abbrev  0x0000000000000975      0x258 ./Drivers/STM32L0xx_HAL_Driver/Src/stm32l0xx_ll_utils.o

.debug_aranges  0x0000000000000000      0x560
 .debug_aranges
                0x0000000000000000      0x1a0 ./Core/Src/main.o
 .debug_aranges
                0x00000000000001a0       0x40 ./Core/Src/stm32l0xx_it.o
 .debug_aranges
                0x00000000000001e0       0x28 ./Core/Src/system_stm32l0xx.o
 .debug_aranges
                0x0000000000000208       0x28 ./Core/Startup/startup_stm32l010k4tx.o
 .debug_aranges
                0x0000000000000230       0x70 ./Drivers/STM32L0xx_HAL_Driver/Src/stm32l0xx_ll_exti.o
 .debug_aranges
                0x00000000000002a0       0x70 ./Drivers/STM32L0xx_HAL_Driver/Src/stm32l0xx_ll_gpio.o
 .debug_aranges
                0x0000000000000310      0x160 ./Drivers/STM32L0xx_HAL_Driver/Src/stm32l0xx_ll_rtc.o
 .debug_aranges
                0x0000000000000470       0xf0 ./Drivers/STM32L0xx_HAL_Driver/Src/stm32l0xx_ll_utils.o

.debug_rnglists
                0x0000000000000000      0x3f2
 .debug_rnglists
                0x0000000000000000      0x137 ./Core/Src/main.o
 .debug_rnglists
                0x0000000000000137       0x2b ./Core/Src/stm32l0xx_it.o
 .debug_rnglists
                0x0000000000000162       0x1a ./Core/Src/system_stm32l0xx.o
 .debug_rnglists
                0x000000000000017c       0x1a ./Core/Startup/startup_stm32l010k4tx.o
 .debug_rnglists
                0x0000000000000196       0x50 ./Drivers/STM32L0xx_HAL_Driver/Src/stm32l0xx_ll_exti.o
 .debug_rnglists
                0x00000000000001e6       0x50 ./Drivers/STM32L0xx_HAL_Driver/Src/stm32l0xx_ll_gpio.o
 .debug_rnglists
                0x0000000000000236      0x109 ./Drivers/STM32L0xx_HAL_Driver/Src/stm32l0xx_ll_rtc.o
 .debug_rnglists
                0x000000000000033f       0xb3 ./Drivers/STM32L0xx_HAL_Driver/Src/stm32l0xx_ll_utils.o

.debug_macro    0x0000000000000000     0xac66
 .debug_macro   0x0000000000000000      0x13b ./Core/Src/main.o
 .debug_macro   0x000000000000013b      0xac0 ./Core/Src/main.o
 .debug_macro   0x0000000000000bfb       0x2e ./Core/Src/main.o
 .debug_macro   0x0000000000000c29       0x28 ./Core/Src/main.o
 .debug_macro   0x0000000000000c51       0x22 ./Core/Src/main.o
 .debug_macro   0x0000000000000c73       0x8e ./Core/Src/main.o
 .debug_macro   0x0000000000000d01       0x51 ./Core/Src/main.o
 .debug_macro   0x0000000000000d52      0x103 ./Core/Src/main.o
 .debug_macro   0x0000000000000e55       0x6a ./Core/Src/main.o
 .debug_macro   0x0000000000000ebf      0x1df ./Core/Src/main.o
 .debug_macro   0x000000000000109e       0x1c ./Core/Src/main.o
 .debug_macro   0x00000000000010ba       0x22 ./Core/Src/main.o
 .debug_macro   0x00000000000010dc       0xaf ./Core/Src/main.o
 .debug_macro   0x000000000000118b      0x3ad ./Core/Src/main.o
 .debug_macro   0x0000000000001538     0x78bd ./Core/Src/main.o
 .debug_macro   0x0000000000008df5       0x66 ./Core/Src/main.o
 .debug_macro   0x0000000000008e5b      0x1c4 ./Core/Src/main.o
 .debug_macro   0x000000000000901f      0x3b4 ./Core/Src/main.o
 .debug_macro   0x00000000000093d3       0xa7 ./Core/Src/main.o
 .debug_macro   0x000000000000947a      0x13d ./Core/Src/main.o
 .debug_macro   0x00000000000095b7       0xea ./Core/Src/main.o
 .debug_macro   0x00000000000096a1       0x16 ./Core/Src/main.o
 .debug_macro   0x00000000000096b7       0x2a ./Core/Src/main.o
 .debug_macro   0x00000000000096e1       0x93 ./Core/Src/main.o
 .debug_macro   0x0000000000009774      0x285 ./Core/Src/main.o
 .debug_macro   0x00000000000099f9      0x3f7 ./Core/Src/main.o
 .debug_macro   0x0000000000009df0      0x12d ./Core/Src/main.o
 .debug_macro   0x0000000000009f1d       0xbe ./Core/Src/main.o
 .debug_macro   0x0000000000009fdb      0x145 ./Core/Src/stm32l0xx_it.o
 .debug_macro   0x000000000000a120       0xb9 ./Core/Src/system_stm32l0xx.o
 .debug_macro   0x000000000000a1d9       0xe0 ./Drivers/STM32L0xx_HAL_Driver/Src/stm32l0xx_ll_exti.o
 .debug_macro   0x000000000000a2b9       0xe4 ./Drivers/STM32L0xx_HAL_Driver/Src/stm32l0xx_ll_exti.o
 .debug_macro   0x000000000000a39d       0xfb ./Drivers/STM32L0xx_HAL_Driver/Src/stm32l0xx_ll_gpio.o
 .debug_macro   0x000000000000a498      0x127 ./Drivers/STM32L0xx_HAL_Driver/Src/stm32l0xx_ll_gpio.o
 .debug_macro   0x000000000000a5bf      0x155 ./Drivers/STM32L0xx_HAL_Driver/Src/stm32l0xx_ll_rtc.o
 .debug_macro   0x000000000000a714      0x3f1 ./Drivers/STM32L0xx_HAL_Driver/Src/stm32l0xx_ll_rtc.o
 .debug_macro   0x000000000000ab05      0x161 ./Drivers/STM32L0xx_HAL_Driver/Src/stm32l0xx_ll_utils.o

.debug_line     0x0000000000000000     0x3d28
 .debug_line    0x0000000000000000      0xdb0 ./Core/Src/main.o
 .debug_line    0x0000000000000db0      0x679 ./Core/Src/stm32l0xx_it.o
 .debug_line    0x0000000000001429      0x586 ./Core/Src/system_stm32l0xx.o
 .debug_line    0x00000000000019af       0x8d ./Core/Startup/startup_stm32l010k4tx.o
 .debug_line    0x0000000000001a3c      0x668 ./Drivers/STM32L0xx_HAL_Driver/Src/stm32l0xx_ll_exti.o
 .debug_line    0x00000000000020a4      0x6a6 ./Drivers/STM32L0xx_HAL_Driver/Src/stm32l0xx_ll_gpio.o
 .debug_line    0x000000000000274a      0xc39 ./Drivers/STM32L0xx_HAL_Driver/Src/stm32l0xx_ll_rtc.o
 .debug_line    0x0000000000003383      0x9a5 ./Drivers/STM32L0xx_HAL_Driver/Src/stm32l0xx_ll_utils.o

.debug_str      0x0000000000000000    0x38ba5
 .debug_str     0x0000000000000000    0x3681d ./Core/Src/main.o
                                      0x36afa (size before relaxing)
 .debug_str     0x000000000003681d       0x76 ./Core/Src/stm32l0xx_it.o
                                      0x3614a (size before relaxing)
 .debug_str     0x0000000000036893       0x89 ./Core/Src/system_stm32l0xx.o
                                      0x2f3ec (size before relaxing)
 .debug_str     0x000000000003691c       0x34 ./Core/Startup/startup_stm32l010k4tx.o
                                         0x57 (size before relaxing)
 .debug_str     0x0000000000036950      0x338 ./Drivers/STM32L0xx_HAL_Driver/Src/stm32l0xx_ll_exti.o
                                      0x2fae5 (size before relaxing)
 .debug_str     0x0000000000036c88      0x513 ./Drivers/STM32L0xx_HAL_Driver/Src/stm32l0xx_ll_gpio.o
                                      0x304c2 (size before relaxing)
 .debug_str     0x000000000003719b      0xd5a ./Drivers/STM32L0xx_HAL_Driver/Src/stm32l0xx_ll_rtc.o
                                      0x31b08 (size before relaxing)
 .debug_str     0x0000000000037ef5      0xcb0 ./Drivers/STM32L0xx_HAL_Driver/Src/stm32l0xx_ll_utils.o
                                      0x3278e (size before relaxing)

.debug_frame    0x0000000000000000     0x12b8
 .debug_frame   0x0000000000000000      0x5e8 ./Core/Src/main.o
 .debug_frame   0x00000000000005e8       0x9c ./Core/Src/stm32l0xx_it.o
 .debug_frame   0x0000000000000684       0x4c ./Core/Src/system_stm32l0xx.o
 .debug_frame   0x00000000000006d0      0x16c ./Drivers/STM32L0xx_HAL_Driver/Src/stm32l0xx_ll_exti.o
 .debug_frame   0x000000000000083c      0x170 ./Drivers/STM32L0xx_HAL_Driver/Src/stm32l0xx_ll_gpio.o
 .debug_frame   0x00000000000009ac      0x55c ./Drivers/STM32L0xx_HAL_Driver/Src/stm32l0xx_ll_rtc.o
 .debug_frame   0x0000000000000f08      0x344 ./Drivers/STM32L0xx_HAL_Driver/Src/stm32l0xx_ll_utils.o
 .debug_frame   0x000000000000124c       0x20 E:/Programs/STM32CubeIDE_1.14.1/STM32CubeIDE/plugins/com.st.stm32cube.ide.mcu.externaltools.gnu-tools-for-stm32.11.3.rel1.win32_1.1.100.202309141235/tools/bin/../lib/gcc/arm-none-eabi/11.3.1/../../../../arm-none-eabi/lib/thumb/v6-m/nofp\libc_nano.a(libc_a-memset.o)
 .debug_frame   0x000000000000126c       0x2c E:/Programs/STM32CubeIDE_1.14.1/STM32CubeIDE/plugins/com.st.stm32cube.ide.mcu.externaltools.gnu-tools-for-stm32.11.3.rel1.win32_1.1.100.202309141235/tools/bin/../lib/gcc/arm-none-eabi/11.3.1/../../../../arm-none-eabi/lib/thumb/v6-m/nofp\libc_nano.a(libc_a-init.o)
 .debug_frame   0x0000000000001298       0x20 E:/Programs/STM32CubeIDE_1.14.1/STM32CubeIDE/plugins/com.st.stm32cube.ide.mcu.externaltools.gnu-tools-for-stm32.11.3.rel1.win32_1.1.100.202309141235/tools/bin/../lib/gcc/arm-none-eabi/11.3.1/thumb/v6-m/nofp\libgcc.a(_udivsi3.o)

.debug_line_str
                0x0000000000000000       0x4b
 .debug_line_str
                0x0000000000000000       0x4b ./Core/Startup/startup_stm32l010k4tx.o
                                         0x63 (size before relaxing)
