../Drivers/STM32L0xx_HAL_Driver/Inc/stm32l0xx_ll_bus.h:985:22:LL_IOP_GRP1_EnableClock	8	static
../Core/Src/main.c:47:6:testMelody	0	static
../Core/Src/main.c:261:6:SystemClock_Config	104	static,ignoring_inline_asm
../Core/Src/main.c:778:6:pwmFP7103	16	static
../Core/Src/main.c:815:6:setTimeNow	0	static
../Core/Src/main.c:821:6:writeCHARSEG	16	static
../Core/Src/main.c:797:5:Clock	40	static
../Core/Src/main.c:1082:5:getMenuIndexByID	12	static
../Core/Src/main.c:1090:5:getNearMenuIndexByID	40	static
../Core/Src/main.c:1010:7:setActualMenu	16	static
../Core/Src/main.c:187:5:main	64	static,ignoring_inline_asm
../Core/Src/main.c:1134:6:Error_Handler	0	static,ignoring_inline_asm
