..\Core\Src\main.c:929:6:pwmFP7103.part.0	40	static
..\Core\Src\main.c:335:9:SysTickTimerInit	0	static
..\Core\Src\main.c:351:6:CMSIS_FullInit	0	static
..\Core\Src\main.c:384:6:SystemClock_Config	0	static
..\Core\Src\main.c:425:6:RTC_Init	0	static
..\Core\Src\main.c:529:6:TIM21_Init	24	static
..\Core\Src\main.c:575:6:GPIO_Init	36	static
..\Core\Src\main.c:616:6:LowPowerMode	0	static
..\Core\Src\main.c:648:6:Delay_ms	0	static
..\Core\Src\main.c:658:8:pow2_24	24	static
..\Core\Src\main.c:699:10:map	16	static
..\Core\Src\main.c:704:6:intToChar	0	static
..\Core\Src\main.c:734:6:writeCHARSEG	12	static
..\Core\Src\main.c:929:6:pwmFP7103	8	static
..\Core\Src\main.c:962:6:testMainLamp	32	static
..\Core\Src\main.c:990:9:hoursDecimal	0	static
..\Core\Src\main.c:999:9:minutesDecimal	0	static
..\Core\Src\main.c:1008:9:secondsDecimal	0	static
..\Core\Src\main.c:1017:9:yearDecimal	0	static
..\Core\Src\main.c:1023:9:monthDecimal	0	static
..\Core\Src\main.c:1029:9:dayDecimal	0	static
..\Core\Src\main.c:1035:9:weekDayDecimal	0	static
..\Core\Src\main.c:1041:6:timeMenuUpdate	12	static
..\Core\Src\main.c:1090:6:setTimeNow	32	static
..\Core\Src\main.c:1241:9:getMenuIndexByID	0	static
..\Core\Src\main.c:1254:9:getNearMenuIndexByID	28	static
..\Core\Src\main.c:1308:6:interaptTIMDebounce	16	static
..\Core\Src\main.c:1053:9:Clock	24	static
..\Core\Src\main.c:1128:7:setActualMenu	24	static
..\Core\Src\main.c:243:5:main	56	static
..\Core\Src\main.c:1325:6:SysTick_Handler	0	static
..\Core\Src\main.c:1337:6:EXTI0_1_IRQHandler	8	static
..\Core\Src\main.c:1440:6:EXTI2_3_IRQHandler	8	static
..\Core\Src\main.c:1494:6:EXTI4_15_IRQHandler	0	static
..\Core\Src\main.c:1540:6:TIM21_IRQHandler	0	static
..\Core\Src\main.c:1548:6:Error_Handler	0	static,ignoring_inline_asm
