../Drivers/CMSIS/core_cm0plus.h:741:22:__NVIC_EnableIRQ	16	static
../Drivers/CMSIS/core_cm0plus.h:848:22:__NVIC_SetPriority	24	static
../Core/Src/main.c:303:10:main	24	static
../Core/Src/main.c:367:10:SysTickTimerInit	16	static
../Core/Src/main.c:385:6:CMSIS_FullInit	16	static
../Core/Src/main.c:424:6:WWDG_Init	24	static
../Core/Src/main.c:446:6:SystemClock_Config	8	static
../Core/Src/main.c:512:6:RTC_Init	8	static
../Core/Src/main.c:567:6:TIM2_Init	8	static
../Core/Src/main.c:617:6:TIM21_Init	8	static
../Core/Src/main.c:666:6:GPIO_Init	8	static
../Core/Src/main.c:706:6:Delay_ms	16	static
../Core/Src/main.c:715:10:custom_floor	32	static
../Core/Src/main.c:725:8:custom_pow	72	static
../Core/Src/main.c:748:6:uint16_tToChar	16	static
../Core/Src/main.c:777:6:writeCHARSEG	16	static
../Core/Src/main.c:958:6:pwmFP7103	40	static
../Core/Src/main.c:981:10:Clock	16	static
../Core/Src/main.c:1005:6:setTimeNow	16	static
../Core/Src/main.c:1026:7:setActualMenu	24	static
../Core/Src/main.c:1124:10:getMenuIndexByID	24	static
../Core/Src/main.c:1134:10:getNearMenuIndexByID	40	static
../Core/Src/main.c:1180:6:StartMusic	16	static
../Core/Src/main.c:1187:6:sound	24	static
../Core/Src/main.c:1206:6:SysTick_Handler	8	static
../Core/Src/main.c:1215:6:EXTI0_1_IRQHandler	8	static
../Core/Src/main.c:1261:6:EXTI2_3_IRQHandler	8	static
../Core/Src/main.c:1290:6:EXTI4_15_IRQHandler	8	static
../Core/Src/main.c:1306:6:TIM2_IRQHandler	8	static
../Core/Src/main.c:1315:6:TIM21_IRQHandler	8	static
../Core/Src/main.c:1324:6:WWDG_IRQHandler	8	static
../Core/Src/main.c:1343:6:Error_Handler	8	static,ignoring_inline_asm
