..\Core\Src\main.c:925:6:pwmFP7103.part.0	40	static
..\Core\Src\main.c:331:9:SysTickTimerInit	0	static
..\Core\Src\main.c:347:6:CMSIS_FullInit	0	static
..\Core\Src\main.c:380:6:SystemClock_Config	0	static
..\Core\Src\main.c:421:6:RTC_Init	0	static
..\Core\Src\main.c:525:6:TIM21_Init	24	static
..\Core\Src\main.c:571:6:GPIO_Init	36	static
..\Core\Src\main.c:612:6:LowPowerMode	0	static
..\Core\Src\main.c:644:6:Delay_ms	0	static
..\Core\Src\main.c:654:8:pow2_24	24	static
..\Core\Src\main.c:695:10:map	16	static
..\Core\Src\main.c:700:6:intToChar	0	static
..\Core\Src\main.c:730:6:writeCHARSEG	12	static
..\Core\Src\main.c:925:6:pwmFP7103	8	static
..\Core\Src\main.c:958:6:testMainLamp	32	static
..\Core\Src\main.c:986:9:hoursDecimal	0	static
..\Core\Src\main.c:995:9:minutesDecimal	0	static
..\Core\Src\main.c:1004:9:secondsDecimal	0	static
..\Core\Src\main.c:1013:9:yearDecimal	0	static
..\Core\Src\main.c:1019:9:monthDecimal	0	static
..\Core\Src\main.c:1025:9:dayDecimal	0	static
..\Core\Src\main.c:1031:9:weekDayDecimal	0	static
..\Core\Src\main.c:1036:6:timeMenuUpdate	12	static
..\Core\Src\main.c:1085:6:setTimeNow	32	static
..\Core\Src\main.c:1236:9:getMenuIndexByID	0	static
..\Core\Src\main.c:1249:9:getNearMenuIndexByID	28	static
..\Core\Src\main.c:1303:6:interaptTIMDebounce	16	static
..\Core\Src\main.c:1048:9:Clock	24	static
..\Core\Src\main.c:1123:7:setActualMenu	24	static
..\Core\Src\main.c:239:5:main	56	static
..\Core\Src\main.c:1320:6:SysTick_Handler	0	static
..\Core\Src\main.c:1332:6:EXTI0_1_IRQHandler	8	static
..\Core\Src\main.c:1435:6:EXTI2_3_IRQHandler	8	static
..\Core\Src\main.c:1489:6:EXTI4_15_IRQHandler	0	static
..\Core\Src\main.c:1535:6:TIM21_IRQHandler	0	static
..\Core\Src\main.c:1543:6:Error_Handler	0	static,ignoring_inline_asm
