../Core/Src/main.c:925:6:pwmFP7103.part.0	40	static
../Core/Src/main.c:319:9:SysTickTimerInit	0	static
../Core/Src/main.c:336:6:CMSIS_FullInit	0	static
../Core/Src/main.c:374:6:SystemClock_Config	0	static
../Core/Src/main.c:439:6:RTC_Init	0	static
../Core/Src/main.c:495:6:TIM2_Init	24	static
../Core/Src/main.c:544:6:TIM21_Init	24	static
../Core/Src/main.c:593:6:GPIO_Init	36	static
../Core/Src/main.c:634:6:LowPowerMode	0	static
../Core/Src/main.c:667:6:Delay_ms	0	static
../Core/Src/main.c:676:8:pow2_24	24	static
../Core/Src/main.c:702:6:intToChar	0	static
../Core/Src/main.c:731:6:writeCHARSEG	8	static
../Core/Src/main.c:921:10:map	16	static
../Core/Src/main.c:925:6:pwmFP7103	8	static
../Core/Src/main.c:959:6:testMainLamp	32	static
../Core/Src/main.c:983:9:hoursDecimal	0	static
../Core/Src/main.c:991:9:minutesDecimal	0	static
../Core/Src/main.c:998:9:secondsDecimal	0	static
../Core/Src/main.c:1042:6:setTimeNow	32	static
../Core/Src/main.c:1180:9:getMenuIndexByID	0	static
../Core/Src/main.c:1192:9:getNearMenuIndexByID	28	static
../Core/Src/main.c:1238:6:StartMusic	0	static
../Core/Src/main.c:1244:6:interaptTIMDebounce	16	static
../Core/Src/main.c:1005:9:Clock	32	static
../Core/Src/main.c:1080:7:setActualMenu	32	static
../Core/Src/main.c:242:5:main	64	static
../Core/Src/main.c:1258:6:SysTick_Handler	0	static
../Core/Src/main.c:1267:6:EXTI0_1_IRQHandler	8	static
../Core/Src/main.c:1342:6:EXTI2_3_IRQHandler	8	static
../Core/Src/main.c:1388:6:EXTI4_15_IRQHandler	0	static
../Core/Src/main.c:1424:6:TIM2_IRQHandler	0	static
../Core/Src/main.c:1429:6:TIM21_IRQHandler	0	static
../Core/Src/main.c:1434:6:Error_Handler	0	static,ignoring_inline_asm
