../Core/Src/main.c:394:9:SysTickTimerInit	0	static
../Core/Src/main.c:411:6:CMSIS_FullInit	0	static
../Core/Src/main.c:449:6:SystemClock_Config	0	static
../Core/Src/main.c:514:6:RTC_Init	0	static
../Core/Src/main.c:569:6:TIM2_Init	24	static
../Core/Src/main.c:619:6:TIM21_Init	24	static
../Core/Src/main.c:668:6:GPIO_Init	36	static
../Core/Src/main.c:709:6:LowPowerMode	0	static
../Core/Src/main.c:739:6:Delay_ms	0	static
../Core/Src/main.c:748:10:custom_floor	16	static
../Core/Src/main.c:758:8:custom_pow	40	static
../Core/Src/main.c:781:6:intToChar	0	static
../Core/Src/main.c:810:6:writeCHARSEG	8	static
../Core/Src/main.c:1000:6:pwmFP7103	48	static
../Core/Src/main.c:1024:6:testMainLamp	40	static
../Core/Src/main.c:1040:9:hoursDecimal	0	static
../Core/Src/main.c:1047:9:minutesDecimal	0	static
../Core/Src/main.c:1054:9:secondsDecimal	0	static
../Core/Src/main.c:1093:6:setTimeNow	32	static
../Core/Src/main.c:1239:9:getMenuIndexByID	0	static
../Core/Src/main.c:1251:9:getNearMenuIndexByID	28	static
../Core/Src/main.c:1304:6:sound	24	static
../Core/Src/main.c:1297:6:StartMusic	8	static
../Core/Src/main.c:1323:6:interaptTIMDebounce	8	static
../Core/Src/main.c:1060:9:Clock	32	static
../Core/Src/main.c:1131:7:setActualMenu	24	static
../Core/Src/main.c:318:5:main	16	static
../Core/Src/main.c:1335:6:SysTick_Handler	0	static
../Core/Src/main.c:1344:6:EXTI0_1_IRQHandler	8	static
../Core/Src/main.c:1419:6:EXTI2_3_IRQHandler	8	static
../Core/Src/main.c:1465:6:EXTI4_15_IRQHandler	0	static
../Core/Src/main.c:1501:6:TIM2_IRQHandler	0	static
../Core/Src/main.c:1510:6:TIM21_IRQHandler	0	static
../Core/Src/main.c:1519:6:Error_Handler	0	static,ignoring_inline_asm
