../Drivers/CMSIS/Include/core_cm0plus.h:848:22:__NVIC_SetPriority	24	static
../Drivers/STM32L0xx_HAL_Driver/Inc/stm32l0xx_ll_lptim.h:396:22:LL_LPTIM_SetUpdateMode	16	static
../Drivers/STM32L0xx_HAL_Driver/Inc/stm32l0xx_ll_lptim.h:495:22:LL_LPTIM_SetCounterMode	16	static
../Drivers/STM32L0xx_HAL_Driver/Inc/stm32l0xx_ll_lptim.h:571:22:LL_LPTIM_SetPolarity	16	static
../Drivers/STM32L0xx_HAL_Driver/Inc/stm32l0xx_ll_lptim.h:609:22:LL_LPTIM_SetPrescaler	16	static
../Drivers/STM32L0xx_HAL_Driver/Inc/stm32l0xx_ll_lptim.h:690:22:LL_LPTIM_TrigSw	16	static
../Drivers/STM32L0xx_HAL_Driver/Inc/stm32l0xx_ll_lptim.h:801:22:LL_LPTIM_SetClockSource	16	static
../Drivers/STM32L0xx_HAL_Driver/Inc/stm32l0xx_ll_lptim.h:842:22:LL_LPTIM_ConfigClock	24	static
../Drivers/STM32L0xx_HAL_Driver/Inc/stm32l0xx_ll_rcc.h:780:22:LL_RCC_HSI_Enable	8	static
../Drivers/STM32L0xx_HAL_Driver/Inc/stm32l0xx_ll_rcc.h:800:26:LL_RCC_HSI_IsReady	8	static
../Drivers/STM32L0xx_HAL_Driver/Inc/stm32l0xx_ll_rcc.h:891:22:LL_RCC_HSI_SetCalibTrimming	16	static
../Drivers/STM32L0xx_HAL_Driver/Inc/stm32l0xx_ll_rcc.h:1003:22:LL_RCC_LSE_Enable	8	static
../Drivers/STM32L0xx_HAL_Driver/Inc/stm32l0xx_ll_rcc.h:1049:22:LL_RCC_LSE_SetDriveCapability	16	static
../Drivers/STM32L0xx_HAL_Driver/Inc/stm32l0xx_ll_rcc.h:1073:22:LL_RCC_LSE_EnableCSS	8	static
../Drivers/STM32L0xx_HAL_Driver/Inc/stm32l0xx_ll_rcc.h:1095:26:LL_RCC_LSE_IsReady	8	static
../Drivers/STM32L0xx_HAL_Driver/Inc/stm32l0xx_ll_rcc.h:1273:22:LL_RCC_SetSysClkSource	16	static
../Drivers/STM32L0xx_HAL_Driver/Inc/stm32l0xx_ll_rcc.h:1287:26:LL_RCC_GetSysClkSource	8	static
../Drivers/STM32L0xx_HAL_Driver/Inc/stm32l0xx_ll_rcc.h:1307:22:LL_RCC_SetAHBPrescaler	16	static
../Drivers/STM32L0xx_HAL_Driver/Inc/stm32l0xx_ll_rcc.h:1323:22:LL_RCC_SetAPB1Prescaler	16	static
../Drivers/STM32L0xx_HAL_Driver/Inc/stm32l0xx_ll_rcc.h:1339:22:LL_RCC_SetAPB2Prescaler	16	static
../Drivers/STM32L0xx_HAL_Driver/Inc/stm32l0xx_ll_rcc.h:1528:22:LL_RCC_SetLPTIMClockSource	16	static
../Drivers/STM32L0xx_HAL_Driver/Inc/stm32l0xx_ll_rcc.h:1700:22:LL_RCC_SetRTCClockSource	16	static
../Drivers/STM32L0xx_HAL_Driver/Inc/stm32l0xx_ll_rcc.h:1714:26:LL_RCC_GetRTCClockSource	8	static
../Drivers/STM32L0xx_HAL_Driver/Inc/stm32l0xx_ll_rcc.h:1724:22:LL_RCC_EnableRTC	8	static
../Drivers/STM32L0xx_HAL_Driver/Inc/stm32l0xx_ll_rcc.h:1754:22:LL_RCC_ForceBackupDomainReset	8	static
../Drivers/STM32L0xx_HAL_Driver/Inc/stm32l0xx_ll_rcc.h:1764:22:LL_RCC_ReleaseBackupDomainReset	8	static
../Drivers/STM32L0xx_HAL_Driver/Inc/stm32l0xx_ll_rcc.h:1782:22:LL_RCC_PLL_Enable	8	static
../Drivers/STM32L0xx_HAL_Driver/Inc/stm32l0xx_ll_rcc.h:1803:26:LL_RCC_PLL_IsReady	8	static
../Drivers/STM32L0xx_HAL_Driver/Inc/stm32l0xx_ll_rcc.h:1832:22:LL_RCC_PLL_ConfigDomain_SYS	24	static
../Drivers/STM32L0xx_HAL_Driver/Inc/stm32l0xx_ll_bus.h:438:22:LL_APB1_GRP1_EnableClock	24	static
../Drivers/STM32L0xx_HAL_Driver/Inc/stm32l0xx_ll_bus.h:784:22:LL_APB2_GRP1_EnableClock	24	static
../Drivers/STM32L0xx_HAL_Driver/Inc/stm32l0xx_ll_bus.h:985:22:LL_IOP_GRP1_EnableClock	24	static
../Drivers/STM32L0xx_HAL_Driver/Inc/stm32l0xx_ll_system.h:651:22:LL_SYSCFG_SetEXTISource	24	static
../Drivers/STM32L0xx_HAL_Driver/Inc/stm32l0xx_ll_system.h:913:22:LL_FLASH_SetLatency	16	static
../Drivers/STM32L0xx_HAL_Driver/Inc/stm32l0xx_ll_system.h:925:26:LL_FLASH_GetLatency	8	static
../Drivers/STM32L0xx_HAL_Driver/Inc/stm32l0xx_ll_pwr.h:271:22:LL_PWR_SetRegulVoltageScaling	16	static
../Drivers/STM32L0xx_HAL_Driver/Inc/stm32l0xx_ll_pwr.h:294:22:LL_PWR_EnableBkUpAccess	8	static
../Drivers/STM32L0xx_HAL_Driver/Inc/stm32l0xx_ll_pwr.h:678:26:LL_PWR_IsActiveFlag_VOS	8	static
../Drivers/STM32L0xx_HAL_Driver/Inc/stm32l0xx_ll_rtc.h:2836:22:LL_RTC_WAKEUP_Enable	16	static
../Drivers/STM32L0xx_HAL_Driver/Inc/stm32l0xx_ll_rtc.h:2879:22:LL_RTC_WAKEUP_SetClock	16	static
../Drivers/STM32L0xx_HAL_Driver/Inc/stm32l0xx_ll_gpio.h:269:22:LL_GPIO_SetPinMode	24	static
../Drivers/STM32L0xx_HAL_Driver/Inc/stm32l0xx_ll_gpio.h:477:22:LL_GPIO_SetPinPull	24	static
../Drivers/STM32L0xx_HAL_Driver/Inc/stm32l0xx_ll_gpio.h:872:22:LL_GPIO_ResetOutputPin	16	static
../Core/Src/main.c:66:5:main	8	static
../Core/Src/main.c:115:6:SystemClock_Config	8	static
../Core/Src/main.c:183:13:MX_LPTIM1_Init	32	static
../Core/Src/main.c:237:13:MX_RTC_Init	24	static
../Core/Src/main.c:278:13:MX_GPIO_Init	48	static
../Core/Src/main.c:461:6:Error_Handler	8	static,ignoring_inline_asm
