../Core/Src/main.c:899:6:pwmFP7103.part.0	32	static
../Core/Src/main.c:316:9:SysTickTimerInit	0	static
../Core/Src/main.c:333:6:CMSIS_FullInit	0	static
../Core/Src/main.c:371:6:SystemClock_Config	0	static
../Core/Src/main.c:436:6:RTC_Init	0	static
../Core/Src/main.c:489:6:TIM2_Init	24	static
../Core/Src/main.c:539:6:TIM21_Init	24	static
../Core/Src/main.c:588:6:GPIO_Init	36	static
../Core/Src/main.c:629:6:LowPowerMode	0	static
../Core/Src/main.c:662:6:Delay_ms	0	static
../Core/Src/main.c:672:8:pow224	24	static
../Core/Src/main.c:676:6:intToChar	0	static
../Core/Src/main.c:705:6:writeCHARSEG	8	static
../Core/Src/main.c:895:10:map	16	static
../Core/Src/main.c:899:6:pwmFP7103	8	static
../Core/Src/main.c:933:6:testMainLamp	40	static
../Core/Src/main.c:948:9:hoursDecimal	0	static
../Core/Src/main.c:955:9:minutesDecimal	0	static
../Core/Src/main.c:962:9:secondsDecimal	0	static
../Core/Src/main.c:1008:6:setTimeNow	32	static
../Core/Src/main.c:1146:9:getMenuIndexByID	0	static
../Core/Src/main.c:1158:9:getNearMenuIndexByID	28	static
../Core/Src/main.c:1204:6:StartMusic	0	static
../Core/Src/main.c:1210:6:interaptTIMDebounce	8	static
../Core/Src/main.c:969:9:Clock	32	static
../Core/Src/main.c:1046:7:setActualMenu	32	static
../Core/Src/main.c:241:5:main	64	static
../Core/Src/main.c:1222:6:SysTick_Handler	0	static
../Core/Src/main.c:1231:6:EXTI0_1_IRQHandler	8	static
../Core/Src/main.c:1306:6:EXTI2_3_IRQHandler	8	static
../Core/Src/main.c:1358:6:EXTI4_15_IRQHandler	0	static
../Core/Src/main.c:1394:6:TIM2_IRQHandler	0	static
../Core/Src/main.c:1406:6:TIM21_IRQHandler	0	static
../Core/Src/main.c:1416:6:Error_Handler	0	static,ignoring_inline_asm
