../Drivers/CMSIS/Include/core_cm0plus.h:848:22:__NVIC_SetPriority	2
../Drivers/STM32L0xx_HAL_Driver/Inc/stm32l0xx_ll_lptim.h:396:22:LL_LPTIM_SetUpdateMode	1
../Drivers/STM32L0xx_HAL_Driver/Inc/stm32l0xx_ll_lptim.h:495:22:LL_LPTIM_SetCounterMode	1
../Drivers/STM32L0xx_HAL_Driver/Inc/stm32l0xx_ll_lptim.h:571:22:LL_LPTIM_SetPolarity	1
../Drivers/STM32L0xx_HAL_Driver/Inc/stm32l0xx_ll_lptim.h:609:22:LL_LPTIM_SetPrescaler	1
../Drivers/STM32L0xx_HAL_Driver/Inc/stm32l0xx_ll_lptim.h:690:22:LL_LPTIM_TrigSw	1
../Drivers/STM32L0xx_HAL_Driver/Inc/stm32l0xx_ll_lptim.h:801:22:LL_LPTIM_SetClockSource	1
../Drivers/STM32L0xx_HAL_Driver/Inc/stm32l0xx_ll_lptim.h:842:22:LL_LPTIM_ConfigClock	1
../Drivers/STM32L0xx_HAL_Driver/Inc/stm32l0xx_ll_rcc.h:780:22:LL_RCC_HSI_Enable	1
../Drivers/STM32L0xx_HAL_Driver/Inc/stm32l0xx_ll_rcc.h:800:26:LL_RCC_HSI_IsReady	2
../Drivers/STM32L0xx_HAL_Driver/Inc/stm32l0xx_ll_rcc.h:891:22:LL_RCC_HSI_SetCalibTrimming	1
../Drivers/STM32L0xx_HAL_Driver/Inc/stm32l0xx_ll_rcc.h:1003:22:LL_RCC_LSE_Enable	1
../Drivers/STM32L0xx_HAL_Driver/Inc/stm32l0xx_ll_rcc.h:1049:22:LL_RCC_LSE_SetDriveCapability	1
../Drivers/STM32L0xx_HAL_Driver/Inc/stm32l0xx_ll_rcc.h:1073:22:LL_RCC_LSE_EnableCSS	1
../Drivers/STM32L0xx_HAL_Driver/Inc/stm32l0xx_ll_rcc.h:1095:26:LL_RCC_LSE_IsReady	2
../Drivers/STM32L0xx_HAL_Driver/Inc/stm32l0xx_ll_rcc.h:1273:22:LL_RCC_SetSysClkSource	1
../Drivers/STM32L0xx_HAL_Driver/Inc/stm32l0xx_ll_rcc.h:1287:26:LL_RCC_GetSysClkSource	1
../Drivers/STM32L0xx_HAL_Driver/Inc/stm32l0xx_ll_rcc.h:1307:22:LL_RCC_SetAHBPrescaler	1
../Drivers/STM32L0xx_HAL_Driver/Inc/stm32l0xx_ll_rcc.h:1323:22:LL_RCC_SetAPB1Prescaler	1
../Drivers/STM32L0xx_HAL_Driver/Inc/stm32l0xx_ll_rcc.h:1339:22:LL_RCC_SetAPB2Prescaler	1
../Drivers/STM32L0xx_HAL_Driver/Inc/stm32l0xx_ll_rcc.h:1528:22:LL_RCC_SetLPTIMClockSource	1
../Drivers/STM32L0xx_HAL_Driver/Inc/stm32l0xx_ll_rcc.h:1700:22:LL_RCC_SetRTCClockSource	1
../Drivers/STM32L0xx_HAL_Driver/Inc/stm32l0xx_ll_rcc.h:1714:26:LL_RCC_GetRTCClockSource	1
../Drivers/STM32L0xx_HAL_Driver/Inc/stm32l0xx_ll_rcc.h:1724:22:LL_RCC_EnableRTC	1
../Drivers/STM32L0xx_HAL_Driver/Inc/stm32l0xx_ll_rcc.h:1754:22:LL_RCC_ForceBackupDomainReset	1
../Drivers/STM32L0xx_HAL_Driver/Inc/stm32l0xx_ll_rcc.h:1764:22:LL_RCC_ReleaseBackupDomainReset	1
../Drivers/STM32L0xx_HAL_Driver/Inc/stm32l0xx_ll_rcc.h:1782:22:LL_RCC_PLL_Enable	1
../Drivers/STM32L0xx_HAL_Driver/Inc/stm32l0xx_ll_rcc.h:1803:26:LL_RCC_PLL_IsReady	2
../Drivers/STM32L0xx_HAL_Driver/Inc/stm32l0xx_ll_rcc.h:1832:22:LL_RCC_PLL_ConfigDomain_SYS	1
../Drivers/STM32L0xx_HAL_Driver/Inc/stm32l0xx_ll_bus.h:438:22:LL_APB1_GRP1_EnableClock	1
../Drivers/STM32L0xx_HAL_Driver/Inc/stm32l0xx_ll_bus.h:784:22:LL_APB2_GRP1_EnableClock	1
../Drivers/STM32L0xx_HAL_Driver/Inc/stm32l0xx_ll_bus.h:985:22:LL_IOP_GRP1_EnableClock	1
../Drivers/STM32L0xx_HAL_Driver/Inc/stm32l0xx_ll_system.h:651:22:LL_SYSCFG_SetEXTISource	1
../Drivers/STM32L0xx_HAL_Driver/Inc/stm32l0xx_ll_system.h:913:22:LL_FLASH_SetLatency	1
../Drivers/STM32L0xx_HAL_Driver/Inc/stm32l0xx_ll_system.h:925:26:LL_FLASH_GetLatency	1
../Drivers/STM32L0xx_HAL_Driver/Inc/stm32l0xx_ll_pwr.h:271:22:LL_PWR_SetRegulVoltageScaling	1
../Drivers/STM32L0xx_HAL_Driver/Inc/stm32l0xx_ll_pwr.h:294:22:LL_PWR_EnableBkUpAccess	1
../Drivers/STM32L0xx_HAL_Driver/Inc/stm32l0xx_ll_pwr.h:678:26:LL_PWR_IsActiveFlag_VOS	1
../Drivers/STM32L0xx_HAL_Driver/Inc/stm32l0xx_ll_rtc.h:2836:22:LL_RTC_WAKEUP_Enable	1
../Drivers/STM32L0xx_HAL_Driver/Inc/stm32l0xx_ll_rtc.h:2879:22:LL_RTC_WAKEUP_SetClock	1
../Drivers/STM32L0xx_HAL_Driver/Inc/stm32l0xx_ll_gpio.h:269:22:LL_GPIO_SetPinMode	1
../Drivers/STM32L0xx_HAL_Driver/Inc/stm32l0xx_ll_gpio.h:477:22:LL_GPIO_SetPinPull	1
../Drivers/STM32L0xx_HAL_Driver/Inc/stm32l0xx_ll_gpio.h:872:22:LL_GPIO_ResetOutputPin	1
../Core/Src/main.c:66:5:main	1
../Core/Src/main.c:115:6:SystemClock_Config	9
../Core/Src/main.c:183:13:MX_LPTIM1_Init	1
../Core/Src/main.c:237:13:MX_RTC_Init	1
../Core/Src/main.c:278:13:MX_GPIO_Init	1
../Core/Src/main.c:461:6:Error_Handler	1
