../Core/Src/main.c:233:5:main	8	static
../Core/Src/main.c:268:6:deinitRCC	8	static
../Core/Src/main.c:296:6:initRCC	8	static
../Core/Src/main.c:315:6:initGPIO	8	static
../Core/Src/main.c:395:6:initRTC	8	static
../Core/Src/main.c:398:6:initTIM2	8	static
../Core/Src/main.c:401:6:initTIM21	8	static
../Core/Src/main.c:404:6:initUSART2_UART	8	static
../Core/Src/main.c:451:6:writeCHARSEG	16	static
../Core/Src/main.c:640:7:setActualMenu	48	static
../Core/Src/main.c:712:5:getMenuIndexByID	24	static
../Core/Src/main.c:720:5:getNearMenuIndexByID	48	static
../Core/Src/main.c:757:6:StartMusic	16	static
