../Drivers/CMSIS/core_cm0plus.h:741:22:__NVIC_EnableIRQ	16	static
../Core/Src/main.c:306:5:main	24	static
../Core/Src/main.c:350:6:SystemClock_Config	8	static
../Core/Src/main.c:409:6:LPUART1_UART_Init	16	static
../Core/Src/main.c:435:6:RTC_Init	8	static
../Core/Src/main.c:485:6:TIM2_Init	8	static
../Core/Src/main.c:535:6:TIM21_Init	8	static
../Core/Src/main.c:583:6:GPIO_Init	8	static
../Core/Src/main.c:618:6:Delay_ms	16	static
../Core/Src/main.c:623:5:custom_floor	24	static
../Core/Src/main.c:631:8:custom_pow	64	static
../Core/Src/main.c:652:6:intToChar	16	static
../Core/Src/main.c:679:6:writeCHARSEG	16	static
../Core/Src/main.c:867:6:pwmFP7103	32	static
../Core/Src/main.c:887:5:Clock	24	static
../Core/Src/main.c:908:6:setTimeNow	16	static
../Core/Src/main.c:928:7:setActualMenu	48	static
../Core/Src/main.c:1000:5:getMenuIndexByID	24	static
../Core/Src/main.c:1008:5:getNearMenuIndexByID	48	static
../Core/Src/main.c:1045:6:StartMusic	16	static
../Core/Src/main.c:1051:6:sound	24	static
../Core/Src/main.c:1067:6:SysTick_Handler	8	static
../Core/Src/main.c:1074:6:EXTI0_1_IRQHandler	8	static
../Core/Src/main.c:1109:6:EXTI2_3_IRQHandler	8	static
../Core/Src/main.c:1138:6:EXTI4_15_IRQHandler	8	static
../Core/Src/main.c:1151:6:TIM2_IRQHandler	8	static
../Core/Src/main.c:1160:6:TIM21_IRQHandler	8	static
../Core/Src/main.c:1167:6:Error_Handler	8	static,ignoring_inline_asm
