../Core/Src/main.c:386:9:SysTickTimerInit	0	static
../Core/Src/main.c:403:6:CMSIS_FullInit	0	static
../Core/Src/main.c:439:6:SystemClock_Config	0	static
../Core/Src/main.c:504:6:RTC_Init	0	static
../Core/Src/main.c:559:6:TIM2_Init	24	static
../Core/Src/main.c:609:6:TIM21_Init	24	static
../Core/Src/main.c:658:6:GPIO_Init	36	static
../Core/Src/main.c:699:6:LowPowerMode	0	static
../Core/Src/main.c:727:6:Delay_ms	0	static
../Core/Src/main.c:736:10:custom_floor	16	static
../Core/Src/main.c:746:8:custom_pow	40	static
../Core/Src/main.c:769:6:intToChar	0	static
../Core/Src/main.c:798:6:writeCHARSEG	4	static
../Core/Src/main.c:979:6:pwmFP7103	40	static
../Core/Src/main.c:1002:9:Clock	16	static
../Core/Src/main.c:1026:6:setTimeNow	32	static
../Core/Src/main.c:1145:9:getMenuIndexByID	0	static
../Core/Src/main.c:1154:9:getNearMenuIndexByID	0	static
../Core/Src/main.c:1207:6:sound	24	static
../Core/Src/main.c:1200:6:StartMusic	8	static
../Core/Src/main.c:1047:7:setActualMenu	32	static
../Core/Src/main.c:322:5:main	80	static
../Core/Src/main.c:1226:6:SysTick_Handler	0	static
../Core/Src/main.c:1235:6:EXTI0_1_IRQHandler	24	static
../Core/Src/main.c:1337:6:EXTI2_3_IRQHandler	24	static
../Core/Src/main.c:1397:6:EXTI4_15_IRQHandler	0	static
../Core/Src/main.c:1433:6:TIM2_IRQHandler	0	static
../Core/Src/main.c:1442:6:TIM21_IRQHandler	0	static
../Core/Src/main.c:1451:6:Error_Handler	0	static,ignoring_inline_asm
