..\Core\Src\main.c:928:6:pwmFP7103.part.0	40	static
..\Core\Src\main.c:334:9:SysTickTimerInit	0	static
..\Core\Src\main.c:350:6:CMSIS_FullInit	0	static
..\Core\Src\main.c:383:6:SystemClock_Config	0	static
..\Core\Src\main.c:424:6:RTC_Init	0	static
..\Core\Src\main.c:528:6:TIM21_Init	24	static
..\Core\Src\main.c:574:6:GPIO_Init	36	static
..\Core\Src\main.c:615:6:LowPowerMode	0	static
..\Core\Src\main.c:647:6:Delay_ms	0	static
..\Core\Src\main.c:657:8:pow2_24	24	static
..\Core\Src\main.c:698:10:map	16	static
..\Core\Src\main.c:703:6:intToChar	0	static
..\Core\Src\main.c:733:6:writeCHARSEG	12	static
..\Core\Src\main.c:928:6:pwmFP7103	8	static
..\Core\Src\main.c:961:6:testMainLamp	40	static
..\Core\Src\main.c:985:9:hoursDecimal	0	static
..\Core\Src\main.c:994:9:minutesDecimal	0	static
..\Core\Src\main.c:1003:9:secondsDecimal	0	static
..\Core\Src\main.c:1012:9:yearDecimal	0	static
..\Core\Src\main.c:1018:9:monthDecimal	0	static
..\Core\Src\main.c:1024:9:dayDecimal	0	static
..\Core\Src\main.c:1030:9:weekDayDecimal	0	static
..\Core\Src\main.c:1036:6:timeMenuUpdate	12	static
..\Core\Src\main.c:1085:6:setTimeNow	32	static
..\Core\Src\main.c:1236:9:getMenuIndexByID	0	static
..\Core\Src\main.c:1249:9:getNearMenuIndexByID	28	static
..\Core\Src\main.c:1303:6:interaptTIMDebounce	16	static
..\Core\Src\main.c:1048:9:Clock	24	static
..\Core\Src\main.c:1123:7:setActualMenu	24	static
..\Core\Src\main.c:242:5:main	56	static
..\Core\Src\main.c:1320:6:SysTick_Handler	0	static
..\Core\Src\main.c:1332:6:EXTI0_1_IRQHandler	8	static
..\Core\Src\main.c:1435:6:EXTI2_3_IRQHandler	8	static
..\Core\Src\main.c:1489:6:EXTI4_15_IRQHandler	0	static
..\Core\Src\main.c:1535:6:TIM21_IRQHandler	0	static
..\Core\Src\main.c:1543:6:Error_Handler	0	static,ignoring_inline_asm
