../Core/Src/stm32l0xx_hal_msp.c:66:6:HAL_MspInit	0	static
../Core/Src/stm32l0xx_hal_msp.c:88:6:HAL_RTC_MspInit	0	static
../Core/Src/stm32l0xx_hal_msp.c:110:6:HAL_RTC_MspDeInit	0	static
../Core/Src/stm32l0xx_hal_msp.c:132:6:HAL_TIM_PWM_MspInit	0	static
../Core/Src/stm32l0xx_hal_msp.c:159:6:HAL_TIM_MspPostInit	40	static
../Core/Src/stm32l0xx_hal_msp.c:211:6:HAL_TIM_PWM_MspDeInit	0	static
../Core/Src/stm32l0xx_hal_msp.c:244:6:HAL_UART_MspInit	32	static
../Core/Src/stm32l0xx_hal_msp.c:280:6:HAL_UART_MspDeInit	8	static
